2026-04-09 20:41:51,871 | MainThread   | [INFO    ] | _get_ble_device     |: Selecting device: 3AE32BFA-4071-EC2D-ED7A-60CCA92DBE18 (name: Artemis BLE)
2026-04-09 20:41:53,109 | MainThread   | [INFO    ] | _connect            |: Connected to c0:42:0c:78:b8:49
2026-04-09 20:45:35,158 | MainThread   | [INFO    ] | _connect            |: Looking for Artemis Nano Peripheral Device: c0:42:0c:78:b8:49
2026-04-09 20:45:35,159 | MainThread   | [INFO    ] | _get_ble_device     |: Scanning for device with address: c0:42:0c:78:b8:49, service UUID: d427e7cc-c400-4597-b417-d564e20d6600
2026-04-09 20:45:45,210 | MainThread   | [INFO    ] | _get_ble_device     |: Found 1 device(s) advertising service d427e7cc-c400-4597-b417-d564e20d6600
2026-04-09 20:45:45,211 | MainThread   | [INFO    ] | _get_ble_device     |: Selecting device: 3AE32BFA-4071-EC2D-ED7A-60CCA92DBE18 (name: Artemis BLE)
2026-04-09 20:45:46,328 | MainThread   | [INFO    ] | _connect            |: Connected to c0:42:0c:78:b8:49
2026-04-09 20:55:12,240 | MainThread   | [INFO    ] | _connect            |: Looking for Artemis Nano Peripheral Device: c0:42:0c:78:b8:49
2026-04-09 20:55:12,241 | MainThread   | [INFO    ] | _get_ble_device     |: Scanning for device with address: c0:42:0c:78:b8:49, service UUID: d427e7cc-c400-4597-b417-d564e20d6600
2026-04-09 20:55:22,289 | MainThread   | [INFO    ] | _get_ble_device     |: Found 1 device(s) advertising service d427e7cc-c400-4597-b417-d564e20d6600
2026-04-09 20:55:22,290 | MainThread   | [INFO    ] | _get_ble_device     |: Selecting device: 3AE32BFA-4071-EC2D-ED7A-60CCA92DBE18 (name: Artemis BLE)
2026-04-09 20:55:23,231 | MainThread   | [INFO    ] | _connect            |: Connected to c0:42:0c:78:b8:49
2026-04-09 20:56:42,092 | MainThread   | [INFO    ] | _connect            |: Looking for Artemis Nano Peripheral Device: c0:42:0c:78:b8:49
2026-04-09 20:56:42,092 | MainThread   | [INFO    ] | _get_ble_device     |: Scanning for device with address: c0:42:0c:78:b8:49, service UUID: d427e7cc-c400-4597-b417-d564e20d6600
2026-04-09 20:56:52,143 | MainThread   | [INFO    ] | _get_ble_device     |: Found 1 device(s) advertising service d427e7cc-c400-4597-b417-d564e20d6600
2026-04-09 20:56:52,145 | MainThread   | [INFO    ] | _get_ble_device     |: Selecting device: 3AE32BFA-4071-EC2D-ED7A-60CCA92DBE18 (name: Artemis BLE)
2026-04-09 20:56:53,022 | MainThread   | [INFO    ] | _connect            |: Connected to c0:42:0c:78:b8:49
2026-04-10 13:21:12,307 | MainThread   | [INFO    ] | _connect            |: Looking for Artemis Nano Peripheral Device: c0:42:0c:78:b8:49
2026-04-10 13:21:12,308 | MainThread   | [INFO    ] | _get_ble_device     |: Scanning for device with address: c0:42:0c:78:b8:49, service UUID: d427e7cc-c400-4597-b417-d564e20d6600
2026-04-10 13:21:22,352 | MainThread   | [INFO    ] | _get_ble_device     |: Found 1 device(s) advertising service d427e7cc-c400-4597-b417-d564e20d6600
2026-04-10 13:21:22,354 | MainThread   | [INFO    ] | _get_ble_device     |: Selecting device: 3AE32BFA-4071-EC2D-ED7A-60CCA92DBE18 (name: Artemis BLE)
2026-04-10 13:21:23,802 | MainThread   | [INFO    ] | _connect            |: Connected to c0:42:0c:78:b8:49
2026-04-10 13:27:35,472 | MainThread   | [INFO    ] | _connect            |: Looking for Artemis Nano Peripheral Device: c0:42:0c:78:b8:49
2026-04-10 13:27:35,472 | MainThread   | [INFO    ] | _get_ble_device     |: Scanning for device with address: c0:42:0c:78:b8:49, service UUID: d427e7cc-c400-4597-b417-d564e20d6600
2026-04-10 13:27:45,520 | MainThread   | [INFO    ] | _get_ble_device     |: Found 1 device(s) advertising service d427e7cc-c400-4597-b417-d564e20d6600
2026-04-10 13:27:45,521 | MainThread   | [INFO    ] | _get_ble_device     |: Selecting device: 3AE32BFA-4071-EC2D-ED7A-60CCA92DBE18 (name: Artemis BLE)
2026-04-10 13:27:46,723 | MainThread   | [INFO    ] | _connect            |: Connected to c0:42:0c:78:b8:49
2026-04-10 13:35:15,160 | MainThread   | [INFO    ] | _connect            |: Looking for Artemis Nano Peripheral Device: c0:42:0c:78:b8:49
2026-04-10 13:35:15,161 | MainThread   | [INFO    ] | _get_ble_device     |: Scanning for device with address: c0:42:0c:78:b8:49, service UUID: d427e7cc-c400-4597-b417-d564e20d6600
2026-04-10 13:35:25,209 | MainThread   | [INFO    ] | _get_ble_device     |: Found 1 device(s) advertising service d427e7cc-c400-4597-b417-d564e20d6600
2026-04-10 13:35:25,211 | MainThread   | [INFO    ] | _get_ble_device     |: Selecting device: 3AE32BFA-4071-EC2D-ED7A-60CCA92DBE18 (name: Artemis BLE)
2026-04-10 13:35:37,965 | MainThread   | [INFO    ] | _connect            |: Connected to c0:42:0c:78:b8:49
2026-04-10 13:40:41,541 | MainThread   | [INFO    ] | _connect            |: Looking for Artemis Nano Peripheral Device: c0:42:0c:78:b8:49
2026-04-10 13:40:41,541 | MainThread   | [INFO    ] | _get_ble_device     |: Scanning for device with address: c0:42:0c:78:b8:49, service UUID: d427e7cc-c400-4597-b417-d564e20d6600
2026-04-10 13:40:51,589 | MainThread   | [INFO    ] | _get_ble_device     |: Found 1 device(s) advertising service d427e7cc-c400-4597-b417-d564e20d6600
2026-04-10 13:40:51,590 | MainThread   | [INFO    ] | _get_ble_device     |: Selecting device: 3AE32BFA-4071-EC2D-ED7A-60CCA92DBE18 (name: Artemis BLE)
2026-04-10 13:41:05,326 | MainThread   | [INFO    ] | _connect            |: Connected to c0:42:0c:78:b8:49
2026-04-10 13:49:08,119 | MainThread   | [INFO    ] | _connect            |: Looking for Artemis Nano Peripheral Device: c0:42:0c:78:b8:49
2026-04-10 13:49:08,120 | MainThread   | [INFO    ] | _get_ble_device     |: Scanning for device with address: c0:42:0c:78:b8:49, service UUID: d427e7cc-c400-4597-b417-d564e20d6600
2026-04-10 13:49:18,171 | MainThread   | [INFO    ] | _get_ble_device     |: Found 1 device(s) advertising service d427e7cc-c400-4597-b417-d564e20d6600
2026-04-10 13:49:18,172 | MainThread   | [INFO    ] | _get_ble_device     |: Selecting device: 3AE32BFA-4071-EC2D-ED7A-60CCA92DBE18 (name: Artemis BLE)
2026-04-10 13:49:19,101 | MainThread   | [INFO    ] | _connect            |: Connected to c0:42:0c:78:b8:49
2026-04-10 13:50:34,235 | MainThread   | [INFO    ] | _connect            |: Looking for Artemis Nano Peripheral Device: c0:42:0c:78:b8:49
2026-04-10 13:50:34,236 | MainThread   | [INFO    ] | _get_ble_device     |: Scanning for device with address: c0:42:0c:78:b8:49, service UUID: d427e7cc-c400-4597-b417-d564e20d6600
2026-04-10 13:50:44,284 | MainThread   | [INFO    ] | _get_ble_device     |: Found 1 device(s) advertising service d427e7cc-c400-4597-b417-d564e20d6600
2026-04-10 13:50:44,286 | MainThread   | [INFO    ] | _get_ble_device     |: Selecting device: 3AE32BFA-4071-EC2D-ED7A-60CCA92DBE18 (name: Artemis BLE)
2026-04-10 13:50:45,263 | MainThread   | [INFO    ] | _connect            |: Connected to c0:42:0c:78:b8:49
2026-04-10 13:53:29,757 | MainThread   | [INFO    ] | _connect            |: Looking for Artemis Nano Peripheral Device: c0:42:0c:78:b8:49
2026-04-10 13:53:29,758 | MainThread   | [INFO    ] | _get_ble_device     |: Scanning for device with address: c0:42:0c:78:b8:49, service UUID: d427e7cc-c400-4597-b417-d564e20d6600
2026-04-10 13:53:39,803 | MainThread   | [INFO    ] | _get_ble_device     |: Found 1 device(s) advertising service d427e7cc-c400-4597-b417-d564e20d6600
2026-04-10 13:53:39,804 | MainThread   | [INFO    ] | _get_ble_device     |: Selecting device: 3AE32BFA-4071-EC2D-ED7A-60CCA92DBE18 (name: Artemis BLE)
2026-04-10 13:53:40,679 | MainThread   | [INFO    ] | _connect            |: Connected to c0:42:0c:78:b8:49
2026-04-10 13:54:41,998 | MainThread   | [INFO    ] | _connect            |: Looking for Artemis Nano Peripheral Device: c0:42:0c:78:b8:49
2026-04-10 13:54:41,998 | MainThread   | [INFO    ] | _get_ble_device     |: Scanning for device with address: c0:42:0c:78:b8:49, service UUID: d427e7cc-c400-4597-b417-d564e20d6600
2026-04-10 13:54:52,045 | MainThread   | [INFO    ] | _get_ble_device     |: Found 1 device(s) advertising service d427e7cc-c400-4597-b417-d564e20d6600
2026-04-10 13:54:52,047 | MainThread   | [INFO    ] | _get_ble_device     |: Selecting device: 3AE32BFA-4071-EC2D-ED7A-60CCA92DBE18 (name: Artemis BLE)
2026-04-10 13:54:52,950 | MainThread   | [INFO    ] | _connect            |: Connected to c0:42:0c:78:b8:49
2026-04-10 13:56:04,119 | MainThread   | [INFO    ] | _connect            |: Looking for Artemis Nano Peripheral Device: c0:42:0c:78:b8:49
2026-04-10 13:56:04,120 | MainThread   | [INFO    ] | _get_ble_device     |: Scanning for device with address: c0:42:0c:78:b8:49, service UUID: d427e7cc-c400-4597-b417-d564e20d6600
2026-04-10 13:56:14,169 | MainThread   | [INFO    ] | _get_ble_device     |: Found 1 device(s) advertising service d427e7cc-c400-4597-b417-d564e20d6600
2026-04-10 13:56:14,170 | MainThread   | [INFO    ] | _get_ble_device     |: Selecting device: 3AE32BFA-4071-EC2D-ED7A-60CCA92DBE18 (name: Artemis BLE)
2026-04-10 13:56:15,300 | MainThread   | [INFO    ] | _connect            |: Connected to c0:42:0c:78:b8:49
2026-04-10 14:01:52,398 | MainThread   | [INFO    ] | _connect            |: Looking for Artemis Nano Peripheral Device: c0:42:0c:78:b8:49
2026-04-10 14:01:52,398 | MainThread   | [INFO    ] | _get_ble_device     |: Scanning for device with address: c0:42:0c:78:b8:49, service UUID: d427e7cc-c400-4597-b417-d564e20d6600
2026-04-10 14:02:02,442 | MainThread   | [INFO    ] | _get_ble_device     |: Found 1 device(s) advertising service d427e7cc-c400-4597-b417-d564e20d6600
2026-04-10 14:02:02,443 | MainThread   | [INFO    ] | _get_ble_device     |: Selecting device: 3AE32BFA-4071-EC2D-ED7A-60CCA92DBE18 (name: Artemis BLE)
2026-04-10 14:02:03,652 | MainThread   | [INFO    ] | _connect            |: Connected to c0:42:0c:78:b8:49
2026-04-10 14:04:38,760 | MainThread   | [INFO    ] | _connect            |: Already connected to a BLE device
2026-04-10 14:14:22,275 | MainThread   | [INFO    ] | _connect            |: Looking for Artemis Nano Peripheral Device: c0:42:0c:78:b8:49
2026-04-10 14:14:22,275 | MainThread   | [INFO    ] | _get_ble_device     |: Scanning for device with address: c0:42:0c:78:b8:49, service UUID: d427e7cc-c400-4597-b417-d564e20d6600
2026-04-10 14:14:32,321 | MainThread   | [INFO    ] | _get_ble_device     |: Found 1 device(s) advertising service d427e7cc-c400-4597-b417-d564e20d6600
2026-04-10 14:14:32,322 | MainThread   | [INFO    ] | _get_ble_device     |: Selecting device: 3AE32BFA-4071-EC2D-ED7A-60CCA92DBE18 (name: Artemis BLE)
2026-04-10 14:14:33,367 | MainThread   | [INFO    ] | _connect            |: Connected to c0:42:0c:78:b8:49
2026-04-10 14:27:31,546 | MainThread   | [INFO    ] | _connect            |: Looking for Artemis Nano Peripheral Device: c0:42:0c:78:b8:49
2026-04-10 14:27:31,547 | MainThread   | [INFO    ] | _get_ble_device     |: Scanning for device with address: c0:42:0c:78:b8:49, service UUID: d427e7cc-c400-4597-b417-d564e20d6600
2026-04-10 14:27:41,597 | MainThread   | [INFO    ] | _get_ble_device     |: Found 1 device(s) advertising service d427e7cc-c400-4597-b417-d564e20d6600
2026-04-10 14:27:41,597 | MainThread   | [INFO    ] | _get_ble_device     |: Selecting device: 3AE32BFA-4071-EC2D-ED7A-60CCA92DBE18 (name: Artemis BLE)
2026-04-10 14:27:42,593 | MainThread   | [INFO    ] | _connect            |: Connected to c0:42:0c:78:b8:49
2026-04-10 14:34:47,771 | MainThread   | [INFO    ] | _connect            |: Already connected to a BLE device
2026-04-10 14:53:19,831 | MainThread   | [INFO    ] | _connect            |: Looking for Artemis Nano Peripheral Device: c0:42:0c:78:b8:49
2026-04-10 14:53:19,832 | MainThread   | [INFO    ] | _get_ble_device     |: Scanning for device with address: c0:42:0c:78:b8:49, service UUID: d427e7cc-c400-4597-b417-d564e20d6600
2026-04-10 14:53:29,883 | MainThread   | [INFO    ] | _get_ble_device     |: Found 1 device(s) advertising service d427e7cc-c400-4597-b417-d564e20d6600
2026-04-10 14:53:29,885 | MainThread   | [INFO    ] | _get_ble_device     |: Selecting device: 3AE32BFA-4071-EC2D-ED7A-60CCA92DBE18 (name: Artemis BLE)
2026-04-10 14:53:31,254 | MainThread   | [INFO    ] | _connect            |: Connected to c0:42:0c:78:b8:49
2026-04-10 15:02:11,752 | MainThread   | [INFO    ] | _connect            |: Looking for Artemis Nano Peripheral Device: c0:42:0c:78:b8:49
2026-04-10 15:02:11,752 | MainThread   | [INFO    ] | _get_ble_device     |: Scanning for device with address: c0:42:0c:78:b8:49, service UUID: d427e7cc-c400-4597-b417-d564e20d6600
2026-04-10 15:02:21,801 | MainThread   | [INFO    ] | _get_ble_device     |: Found 1 device(s) advertising service d427e7cc-c400-4597-b417-d564e20d6600
2026-04-10 15:02:21,803 | MainThread   | [INFO    ] | _get_ble_device     |: Selecting device: 3AE32BFA-4071-EC2D-ED7A-60CCA92DBE18 (name: Artemis BLE)
2026-04-10 15:02:22,686 | MainThread   | [INFO    ] | _connect            |: Connected to c0:42:0c:78:b8:49
2026-04-10 15:56:28,690 | MainThread   | [INFO    ] | _connect            |: Looking for Artemis Nano Peripheral Device: c0:42:0c:78:b8:49
2026-04-10 15:56:28,691 | MainThread   | [INFO    ] | _get_ble_device     |: Scanning for device with address: c0:42:0c:78:b8:49, service UUID: d427e7cc-c400-4597-b417-d564e20d6600
2026-04-10 15:56:38,740 | MainThread   | [INFO    ] | _get_ble_device     |: Found 1 device(s) advertising service d427e7cc-c400-4597-b417-d564e20d6600
2026-04-10 15:56:38,741 | MainThread   | [INFO    ] | _get_ble_device     |: Selecting device: 3AE32BFA-4071-EC2D-ED7A-60CCA92DBE18 (name: Artemis BLE)
2026-04-10 15:56:45,804 | MainThread   | [ERROR   ] | _connect            |: disconnected
2026-04-10 15:56:46,810 | MainThread   | [WARNING ] | connect             |: Attempting to connect again...
2026-04-10 15:56:46,812 | MainThread   | [INFO    ] | _connect            |: Looking for Artemis Nano Peripheral Device: c0:42:0c:78:b8:49
2026-04-10 15:56:46,813 | MainThread   | [INFO    ] | _get_ble_device     |: Scanning for device with address: c0:42:0c:78:b8:49, service UUID: d427e7cc-c400-4597-b417-d564e20d6600
2026-04-10 15:56:56,873 | MainThread   | [INFO    ] | _get_ble_device     |: Found 1 device(s) advertising service d427e7cc-c400-4597-b417-d564e20d6600
2026-04-10 15:56:56,875 | MainThread   | [INFO    ] | _get_ble_device     |: Selecting device: 3AE32BFA-4071-EC2D-ED7A-60CCA92DBE18 (name: Artemis BLE)
2026-04-10 15:57:00,526 | MainThread   | [ERROR   ] | _connect            |: disconnected
2026-04-10 15:57:01,529 | MainThread   | [WARNING ] | connect             |: Attempting to connect again...
2026-04-10 15:57:01,532 | MainThread   | [INFO    ] | _connect            |: Looking for Artemis Nano Peripheral Device: c0:42:0c:78:b8:49
2026-04-10 15:57:01,533 | MainThread   | [INFO    ] | _get_ble_device     |: Scanning for device with address: c0:42:0c:78:b8:49, service UUID: d427e7cc-c400-4597-b417-d564e20d6600
2026-04-10 15:57:11,592 | MainThread   | [INFO    ] | _get_ble_device     |: Found 1 device(s) advertising service d427e7cc-c400-4597-b417-d564e20d6600
2026-04-10 15:57:11,593 | MainThread   | [INFO    ] | _get_ble_device     |: Selecting device: 3AE32BFA-4071-EC2D-ED7A-60CCA92DBE18 (name: Artemis BLE)
2026-04-10 15:57:12,476 | MainThread   | [INFO    ] | _connect            |: Connected to c0:42:0c:78:b8:49
2026-04-15 06:13:09,355 | MainThread   | [INFO    ] | _connect            |: Looking for Artemis Nano Peripheral Device: c0:42:0c:78:b8:49
2026-04-15 06:13:09,356 | MainThread   | [INFO    ] | _get_ble_device     |: Scanning for device with address: c0:42:0c:78:b8:49, service UUID: d427e7cc-c400-4597-b417-d564e20d6600
2026-04-15 06:13:19,401 | MainThread   | [INFO    ] | _get_ble_device     |: Found 1 device(s) advertising service d427e7cc-c400-4597-b417-d564e20d6600
2026-04-15 06:13:19,402 | MainThread   | [INFO    ] | _get_ble_device     |: Selecting device: 3AE32BFA-4071-EC2D-ED7A-60CCA92DBE18 (name: Artemis BLE)
2026-04-15 06:13:20,323 | MainThread   | [INFO    ] | _connect            |: Connected to c0:42:0c:78:b8:49
2026-04-15 06:14:35,824 | MainThread   | [INFO    ] | _connect            |: Looking for Artemis Nano Peripheral Device: c0:42:0c:78:b8:49
2026-04-15 06:14:35,825 | MainThread   | [INFO    ] | _get_ble_device     |: Scanning for device with address: c0:42:0c:78:b8:49, service UUID: d427e7cc-c400-4597-b417-d564e20d6600
2026-04-15 06:14:45,871 | MainThread   | [INFO    ] | _get_ble_device     |: Found 0 device(s) advertising service d427e7cc-c400-4597-b417-d564e20d6600
2026-04-15 06:17:08,497 | MainThread   | [INFO    ] | _connect            |: Looking for Artemis Nano Peripheral Device: c0:42:0c:78:b8:49
2026-04-15 06:17:08,497 | MainThread   | [INFO    ] | _get_ble_device     |: Scanning for device with address: c0:42:0c:78:b8:49, service UUID: d427e7cc-c400-4597-b417-d564e20d6600
2026-04-15 06:17:18,539 | MainThread   | [INFO    ] | _get_ble_device     |: Found 1 device(s) advertising service d427e7cc-c400-4597-b417-d564e20d6600
2026-04-15 06:17:18,540 | MainThread   | [INFO    ] | _get_ble_device     |: Selecting device: 3AE32BFA-4071-EC2D-ED7A-60CCA92DBE18 (name: Artemis BLE)
2026-04-15 06:17:19,418 | MainThread   | [INFO    ] | _connect            |: Connected to c0:42:0c:78:b8:49
2026-04-15 06:22:58,102 | MainThread   | [INFO    ] | _connect            |: Looking for Artemis Nano Peripheral Device: c0:42:0c:78:b8:49
2026-04-15 06:22:58,103 | MainThread   | [INFO    ] | _get_ble_device     |: Scanning for device with address: c0:42:0c:78:b8:49, service UUID: d427e7cc-c400-4597-b417-d564e20d6600
2026-04-15 06:23:08,149 | MainThread   | [INFO    ] | _get_ble_device     |: Found 1 device(s) advertising service d427e7cc-c400-4597-b417-d564e20d6600
2026-04-15 06:23:08,149 | MainThread   | [INFO    ] | _get_ble_device     |: Selecting device: 3AE32BFA-4071-EC2D-ED7A-60CCA92DBE18 (name: Artemis BLE)
2026-04-15 06:23:09,045 | MainThread   | [INFO    ] | _connect            |: Connected to c0:42:0c:78:b8:49
