2026-05-13 20:08:28,419 | MainThread   | [INFO    ] | init_uniform_distribution|: Uniform Belief with each cell value: 0.00051440329218107
2026-05-13 20:17:54,761 | MainThread   | [INFO    ] | populate_views      |:  | Number of observations per grid cell: 18
2026-05-13 20:17:54,761 | MainThread   | [INFO    ] | populate_views      |:  | Precaching Views...
2026-05-13 20:17:55,684 | MainThread   | [INFO    ] | populate_views      |:  | Precaching Time: 0.922 secs
2026-05-13 20:17:55,685 | MainThread   | [INFO    ] | init_uniform_distribution|: Initializing beliefs with a Uniform Distribution
2026-05-13 20:17:55,685 | MainThread   | [INFO    ] | init_uniform_distribution|: Uniform Belief with each cell value: 0.00051440329218107
2026-05-13 20:17:55,685 | MainThread   | [INFO    ] | init_uniform_distribution|: Initializing beliefs with a Uniform Distribution
2026-05-13 20:17:55,686 | MainThread   | [INFO    ] | init_uniform_distribution|: Uniform Belief with each cell value: 0.00051440329218107
2026-05-13 20:19:16,504 | MainThread   | [INFO    ] | populate_views      |:  | Number of observations per grid cell: 18
2026-05-13 20:19:16,504 | MainThread   | [INFO    ] | populate_views      |:  | Precaching Views...
2026-05-13 20:19:17,430 | MainThread   | [INFO    ] | populate_views      |:  | Precaching Time: 0.925 secs
2026-05-13 20:19:17,431 | MainThread   | [INFO    ] | init_uniform_distribution|: Initializing beliefs with a Uniform Distribution
2026-05-13 20:19:17,431 | MainThread   | [INFO    ] | init_uniform_distribution|: Uniform Belief with each cell value: 0.00051440329218107
2026-05-13 20:19:17,432 | MainThread   | [INFO    ] | init_uniform_distribution|: Initializing beliefs with a Uniform Distribution
2026-05-13 20:19:17,432 | MainThread   | [INFO    ] | init_uniform_distribution|: Uniform Belief with each cell value: 0.00051440329218107
2026-05-13 20:19:24,611 | MainThread   | [INFO    ] | populate_views      |:  | Number of observations per grid cell: 18
2026-05-13 20:19:24,611 | MainThread   | [INFO    ] | populate_views      |:  | Precaching Views...
2026-05-13 20:19:25,506 | MainThread   | [INFO    ] | populate_views      |:  | Precaching Time: 0.894 secs
2026-05-13 20:19:25,507 | MainThread   | [INFO    ] | init_uniform_distribution|: Initializing beliefs with a Uniform Distribution
2026-05-13 20:19:25,507 | MainThread   | [INFO    ] | init_uniform_distribution|: Uniform Belief with each cell value: 0.00051440329218107
2026-05-13 20:19:25,508 | MainThread   | [INFO    ] | init_uniform_distribution|: Initializing beliefs with a Uniform Distribution
2026-05-13 20:19:25,508 | MainThread   | [INFO    ] | init_uniform_distribution|: Uniform Belief with each cell value: 0.00051440329218107
2026-05-13 20:29:33,231 | MainThread   | [INFO    ] | populate_views      |:  | Number of observations per grid cell: 18
2026-05-13 20:29:33,232 | MainThread   | [INFO    ] | populate_views      |:  | Precaching Views...
2026-05-13 20:29:34,193 | MainThread   | [INFO    ] | populate_views      |:  | Precaching Time: 0.961 secs
2026-05-13 20:29:34,194 | MainThread   | [INFO    ] | init_uniform_distribution|: Initializing beliefs with a Uniform Distribution
2026-05-13 20:29:34,194 | MainThread   | [INFO    ] | init_uniform_distribution|: Uniform Belief with each cell value: 0.00051440329218107
2026-05-13 20:29:34,195 | MainThread   | [INFO    ] | init_uniform_distribution|: Initializing beliefs with a Uniform Distribution
2026-05-13 20:29:34,195 | MainThread   | [INFO    ] | init_uniform_distribution|: Uniform Belief with each cell value: 0.00051440329218107
2026-05-13 20:30:04,231 | MainThread   | [INFO    ] | init_uniform_distribution|: Initializing beliefs with a Uniform Distribution
2026-05-13 20:30:04,232 | MainThread   | [INFO    ] | init_uniform_distribution|: Uniform Belief with each cell value: 0.00051440329218107
2026-05-13 20:40:26,777 | MainThread   | [INFO    ] | populate_views      |:  | Number of observations per grid cell: 18
2026-05-13 20:40:26,778 | MainThread   | [INFO    ] | populate_views      |:  | Precaching Views...
2026-05-13 20:40:27,668 | MainThread   | [INFO    ] | populate_views      |:  | Precaching Time: 0.890 secs
2026-05-13 20:40:27,668 | MainThread   | [INFO    ] | init_uniform_distribution|: Initializing beliefs with a Uniform Distribution
2026-05-13 20:40:27,669 | MainThread   | [INFO    ] | init_uniform_distribution|: Uniform Belief with each cell value: 0.00051440329218107
2026-05-13 20:40:27,669 | MainThread   | [INFO    ] | init_uniform_distribution|: Initializing beliefs with a Uniform Distribution
2026-05-13 20:40:27,670 | MainThread   | [INFO    ] | init_uniform_distribution|: Uniform Belief with each cell value: 0.00051440329218107
2026-05-13 20:44:42,781 | MainThread   | [INFO    ] | populate_views      |:  | Number of observations per grid cell: 18
2026-05-13 20:44:42,781 | MainThread   | [INFO    ] | populate_views      |:  | Precaching Views...
2026-05-13 20:44:43,697 | MainThread   | [INFO    ] | populate_views      |:  | Precaching Time: 0.916 secs
2026-05-13 20:44:43,698 | MainThread   | [INFO    ] | init_uniform_distribution|: Initializing beliefs with a Uniform Distribution
2026-05-13 20:44:43,698 | MainThread   | [INFO    ] | init_uniform_distribution|: Uniform Belief with each cell value: 0.00051440329218107
2026-05-13 20:44:43,699 | MainThread   | [INFO    ] | init_uniform_distribution|: Initializing beliefs with a Uniform Distribution
2026-05-13 20:44:43,699 | MainThread   | [INFO    ] | init_uniform_distribution|: Uniform Belief with each cell value: 0.00051440329218107
2026-05-13 20:45:08,553 | MainThread   | [INFO    ] | init_uniform_distribution|: Initializing beliefs with a Uniform Distribution
2026-05-13 20:45:08,554 | MainThread   | [INFO    ] | init_uniform_distribution|: Uniform Belief with each cell value: 0.00051440329218107
2026-05-13 20:45:44,973 | MainThread   | [INFO    ] | init_uniform_distribution|: Initializing beliefs with a Uniform Distribution
2026-05-13 20:45:44,973 | MainThread   | [INFO    ] | init_uniform_distribution|: Uniform Belief with each cell value: 0.00051440329218107
2026-05-13 20:46:17,770 | MainThread   | [INFO    ] | init_uniform_distribution|: Initializing beliefs with a Uniform Distribution
2026-05-13 20:46:17,771 | MainThread   | [INFO    ] | init_uniform_distribution|: Uniform Belief with each cell value: 0.00051440329218107
2026-05-13 20:52:52,993 | MainThread   | [INFO    ] | populate_views      |:  | Number of observations per grid cell: 18
2026-05-13 20:52:52,993 | MainThread   | [INFO    ] | populate_views      |:  | Precaching Views...
2026-05-13 20:52:53,954 | MainThread   | [INFO    ] | populate_views      |:  | Precaching Time: 0.960 secs
2026-05-13 20:52:53,955 | MainThread   | [INFO    ] | init_uniform_distribution|: Initializing beliefs with a Uniform Distribution
2026-05-13 20:52:53,955 | MainThread   | [INFO    ] | init_uniform_distribution|: Uniform Belief with each cell value: 0.00051440329218107
2026-05-13 20:52:53,955 | MainThread   | [INFO    ] | init_uniform_distribution|: Initializing beliefs with a Uniform Distribution
2026-05-13 20:52:53,956 | MainThread   | [INFO    ] | init_uniform_distribution|: Uniform Belief with each cell value: 0.00051440329218107
2026-05-13 20:53:33,558 | MainThread   | [INFO    ] | init_uniform_distribution|: Initializing beliefs with a Uniform Distribution
2026-05-13 20:53:33,559 | MainThread   | [INFO    ] | init_uniform_distribution|: Uniform Belief with each cell value: 0.00051440329218107
2026-05-13 20:55:15,698 | MainThread   | [INFO    ] | populate_views      |:  | Number of observations per grid cell: 18
2026-05-13 20:55:15,698 | MainThread   | [INFO    ] | populate_views      |:  | Precaching Views...
2026-05-13 20:55:16,570 | MainThread   | [INFO    ] | populate_views      |:  | Precaching Time: 0.872 secs
2026-05-13 20:55:16,571 | MainThread   | [INFO    ] | init_uniform_distribution|: Initializing beliefs with a Uniform Distribution
2026-05-13 20:55:16,571 | MainThread   | [INFO    ] | init_uniform_distribution|: Uniform Belief with each cell value: 0.00051440329218107
2026-05-13 20:55:16,572 | MainThread   | [INFO    ] | init_uniform_distribution|: Initializing beliefs with a Uniform Distribution
2026-05-13 20:55:16,572 | MainThread   | [INFO    ] | init_uniform_distribution|: Uniform Belief with each cell value: 0.00051440329218107
2026-05-13 20:55:43,224 | MainThread   | [INFO    ] | init_uniform_distribution|: Initializing beliefs with a Uniform Distribution
2026-05-13 20:55:43,224 | MainThread   | [INFO    ] | init_uniform_distribution|: Uniform Belief with each cell value: 0.00051440329218107
2026-05-13 21:01:02,809 | MainThread   | [INFO    ] | populate_views      |:  | Number of observations per grid cell: 18
2026-05-13 21:01:02,809 | MainThread   | [INFO    ] | populate_views      |:  | Precaching Views...
2026-05-13 21:01:03,656 | MainThread   | [INFO    ] | populate_views      |:  | Precaching Time: 0.847 secs
2026-05-13 21:01:03,656 | MainThread   | [INFO    ] | init_uniform_distribution|: Initializing beliefs with a Uniform Distribution
2026-05-13 21:01:03,657 | MainThread   | [INFO    ] | init_uniform_distribution|: Uniform Belief with each cell value: 0.00051440329218107
2026-05-13 21:01:03,657 | MainThread   | [INFO    ] | init_uniform_distribution|: Initializing beliefs with a Uniform Distribution
2026-05-13 21:01:03,658 | MainThread   | [INFO    ] | init_uniform_distribution|: Uniform Belief with each cell value: 0.00051440329218107
2026-05-13 21:01:29,078 | MainThread   | [INFO    ] | init_uniform_distribution|: Initializing beliefs with a Uniform Distribution
2026-05-13 21:01:29,078 | MainThread   | [INFO    ] | init_uniform_distribution|: Uniform Belief with each cell value: 0.00051440329218107
2026-05-13 21:02:04,606 | MainThread   | [INFO    ] | init_uniform_distribution|: Initializing beliefs with a Uniform Distribution
2026-05-13 21:02:04,607 | MainThread   | [INFO    ] | init_uniform_distribution|: Uniform Belief with each cell value: 0.00051440329218107
2026-05-13 21:18:41,471 | MainThread   | [INFO    ] | populate_views      |:  | Number of observations per grid cell: 18
2026-05-13 21:18:41,471 | MainThread   | [INFO    ] | populate_views      |:  | Precaching Views...
2026-05-13 21:18:42,388 | MainThread   | [INFO    ] | populate_views      |:  | Precaching Time: 0.916 secs
2026-05-13 21:18:42,389 | MainThread   | [INFO    ] | init_uniform_distribution|: Initializing beliefs with a Uniform Distribution
2026-05-13 21:18:42,389 | MainThread   | [INFO    ] | init_uniform_distribution|: Uniform Belief with each cell value: 0.00051440329218107
2026-05-13 21:18:42,390 | MainThread   | [INFO    ] | init_uniform_distribution|: Initializing beliefs with a Uniform Distribution
2026-05-13 21:18:42,390 | MainThread   | [INFO    ] | init_uniform_distribution|: Uniform Belief with each cell value: 0.00051440329218107
2026-05-13 21:19:08,648 | MainThread   | [INFO    ] | init_uniform_distribution|: Initializing beliefs with a Uniform Distribution
2026-05-13 21:19:08,649 | MainThread   | [INFO    ] | init_uniform_distribution|: Uniform Belief with each cell value: 0.00051440329218107
2026-05-13 21:19:48,218 | MainThread   | [INFO    ] | init_uniform_distribution|: Initializing beliefs with a Uniform Distribution
2026-05-13 21:19:48,219 | MainThread   | [INFO    ] | init_uniform_distribution|: Uniform Belief with each cell value: 0.00051440329218107
2026-05-13 21:27:25,186 | MainThread   | [INFO    ] | populate_views      |:  | Number of observations per grid cell: 18
2026-05-13 21:27:25,187 | MainThread   | [INFO    ] | populate_views      |:  | Precaching Views...
2026-05-13 21:27:26,040 | MainThread   | [INFO    ] | populate_views      |:  | Precaching Time: 0.853 secs
2026-05-13 21:27:26,041 | MainThread   | [INFO    ] | init_uniform_distribution|: Initializing beliefs with a Uniform Distribution
2026-05-13 21:27:26,041 | MainThread   | [INFO    ] | init_uniform_distribution|: Uniform Belief with each cell value: 0.00051440329218107
2026-05-13 21:27:26,041 | MainThread   | [INFO    ] | init_uniform_distribution|: Initializing beliefs with a Uniform Distribution
2026-05-13 21:27:26,042 | MainThread   | [INFO    ] | init_uniform_distribution|: Uniform Belief with each cell value: 0.00051440329218107
2026-05-13 21:28:43,048 | MainThread   | [INFO    ] | populate_views      |:  | Number of observations per grid cell: 18
2026-05-13 21:28:43,049 | MainThread   | [INFO    ] | populate_views      |:  | Precaching Views...
2026-05-13 21:28:43,976 | MainThread   | [INFO    ] | populate_views      |:  | Precaching Time: 0.926 secs
2026-05-13 21:28:43,977 | MainThread   | [INFO    ] | init_uniform_distribution|: Initializing beliefs with a Uniform Distribution
2026-05-13 21:28:43,977 | MainThread   | [INFO    ] | init_uniform_distribution|: Uniform Belief with each cell value: 0.00051440329218107
2026-05-13 21:28:43,978 | MainThread   | [INFO    ] | init_uniform_distribution|: Initializing beliefs with a Uniform Distribution
2026-05-13 21:28:43,979 | MainThread   | [INFO    ] | init_uniform_distribution|: Uniform Belief with each cell value: 0.00051440329218107
2026-05-13 21:29:01,004 | MainThread   | [INFO    ] | init_uniform_distribution|: Initializing beliefs with a Uniform Distribution
2026-05-13 21:29:01,005 | MainThread   | [INFO    ] | init_uniform_distribution|: Uniform Belief with each cell value: 0.00051440329218107
2026-05-13 21:29:35,416 | MainThread   | [INFO    ] | init_uniform_distribution|: Initializing beliefs with a Uniform Distribution
2026-05-13 21:29:35,417 | MainThread   | [INFO    ] | init_uniform_distribution|: Uniform Belief with each cell value: 0.00051440329218107
2026-05-13 21:30:10,760 | MainThread   | [INFO    ] | init_uniform_distribution|: Initializing beliefs with a Uniform Distribution
2026-05-13 21:30:10,760 | MainThread   | [INFO    ] | init_uniform_distribution|: Uniform Belief with each cell value: 0.00051440329218107
2026-05-13 21:56:58,719 | MainThread   | [INFO    ] | populate_views      |:  | Number of observations per grid cell: 18
2026-05-13 21:56:58,720 | MainThread   | [INFO    ] | populate_views      |:  | Precaching Views...
2026-05-13 21:56:59,658 | MainThread   | [INFO    ] | populate_views      |:  | Precaching Time: 0.938 secs
2026-05-13 21:56:59,659 | MainThread   | [INFO    ] | init_uniform_distribution|: Initializing beliefs with a Uniform Distribution
2026-05-13 21:56:59,659 | MainThread   | [INFO    ] | init_uniform_distribution|: Uniform Belief with each cell value: 0.00051440329218107
2026-05-13 21:56:59,659 | MainThread   | [INFO    ] | init_uniform_distribution|: Initializing beliefs with a Uniform Distribution
2026-05-13 21:56:59,660 | MainThread   | [INFO    ] | init_uniform_distribution|: Uniform Belief with each cell value: 0.00051440329218107
2026-05-13 22:23:06,642 | MainThread   | [INFO    ] | populate_views      |:  | Number of observations per grid cell: 18
2026-05-13 22:23:06,643 | MainThread   | [INFO    ] | populate_views      |:  | Precaching Views...
2026-05-13 22:23:07,581 | MainThread   | [INFO    ] | populate_views      |:  | Precaching Time: 0.938 secs
2026-05-13 22:23:07,582 | MainThread   | [INFO    ] | init_uniform_distribution|: Initializing beliefs with a Uniform Distribution
2026-05-13 22:23:07,582 | MainThread   | [INFO    ] | init_uniform_distribution|: Uniform Belief with each cell value: 0.00051440329218107
2026-05-13 22:23:07,583 | MainThread   | [INFO    ] | init_uniform_distribution|: Initializing beliefs with a Uniform Distribution
2026-05-13 22:23:07,584 | MainThread   | [INFO    ] | init_uniform_distribution|: Uniform Belief with each cell value: 0.00051440329218107
