2026-04-14 12:58:08,639 | MainThread   | [DEBUG   ] | run                 |: Python version: 3.13.2 (main, Feb 26 2025, 14:05:36) [Clang 16.0.0 (clang-1600.0.26.6)]
2026-04-14 12:58:08,639 | MainThread   | [DEBUG   ] | run                 |: Parameters used:
2026-04-14 12:58:08,639 | MainThread   | [DEBUG   ] | run                 |: Symbol               : o
2026-04-14 12:58:08,639 | MainThread   | [DEBUG   ] | run                 |: Symbol size          : 5
2026-04-14 12:58:08,639 | MainThread   | [DEBUG   ] | run                 |: Line thickness       : 2
2026-04-14 12:58:08,639 | MainThread   | [DEBUG   ] | run                 |: Position tolerance   : 0.03
2026-04-14 12:58:08,639 | MainThread   | [DEBUG   ] | run                 |: ------------------

2026-04-14 12:58:30,227 | MainThread   | [DEBUG   ] | signal_handler      |: Received SIGTERM
2026-04-14 12:58:30,227 | MainThread   | [DEBUG   ] | run                 |: Exiting gracefully...
2026-04-14 12:59:10,199 | MainThread   | [DEBUG   ] | run                 |: Python version: 3.13.2 (main, Feb 26 2025, 14:05:36) [Clang 16.0.0 (clang-1600.0.26.6)]
2026-04-14 12:59:10,199 | MainThread   | [DEBUG   ] | run                 |: Parameters used:
2026-04-14 12:59:10,199 | MainThread   | [DEBUG   ] | run                 |: Symbol               : o
2026-04-14 12:59:10,199 | MainThread   | [DEBUG   ] | run                 |: Symbol size          : 5
2026-04-14 12:59:10,199 | MainThread   | [DEBUG   ] | run                 |: Line thickness       : 2
2026-04-14 12:59:10,199 | MainThread   | [DEBUG   ] | run                 |: Position tolerance   : 0.03
2026-04-14 12:59:10,199 | MainThread   | [DEBUG   ] | run                 |: ------------------

2026-04-14 14:47:43,900 | MainThread   | [DEBUG   ] | reset_all_plots     |: Resetting trajectory plots...
2026-04-14 14:48:07,476 | MainThread   | [DEBUG   ] | reset_all_plots     |: Resetting trajectory plots...
2026-04-14 14:49:02,995 | MainThread   | [DEBUG   ] | reset_all_plots     |: Resetting trajectory plots...
2026-04-14 14:50:46,804 | MainThread   | [DEBUG   ] | reset_all_plots     |: Resetting trajectory plots...
2026-04-14 16:17:52,539 | MainThread   | [DEBUG   ] | reset_all_plots     |: Resetting trajectory plots...
2026-04-14 16:18:12,418 | MainThread   | [DEBUG   ] | reset_all_plots     |: Resetting trajectory plots...
2026-04-14 16:18:28,840 | MainThread   | [DEBUG   ] | reset_all_plots     |: Resetting trajectory plots...
2026-04-14 16:18:43,961 | MainThread   | [DEBUG   ] | reset_all_plots     |: Resetting trajectory plots...
2026-04-14 16:19:02,096 | MainThread   | [DEBUG   ] | reset_all_plots     |: Resetting trajectory plots...
2026-04-14 16:19:17,082 | MainThread   | [DEBUG   ] | reset_all_plots     |: Resetting trajectory plots...
2026-04-14 16:19:31,305 | MainThread   | [DEBUG   ] | reset_all_plots     |: Resetting trajectory plots...
2026-04-14 16:19:48,009 | MainThread   | [DEBUG   ] | reset_all_plots     |: Resetting trajectory plots...
2026-04-14 16:21:53,824 | MainThread   | [DEBUG   ] | reset_all_plots     |: Resetting trajectory plots...
2026-04-14 16:22:12,400 | MainThread   | [DEBUG   ] | reset_all_plots     |: Resetting trajectory plots...
2026-04-14 16:22:33,540 | MainThread   | [DEBUG   ] | reset_all_plots     |: Resetting trajectory plots...
2026-04-14 16:22:57,889 | MainThread   | [DEBUG   ] | reset_all_plots     |: Resetting trajectory plots...
2026-04-14 16:30:55,796 | MainThread   | [DEBUG   ] | reset_all_plots     |: Resetting trajectory plots...
2026-04-15 09:15:08,006 | MainThread   | [DEBUG   ] | run                 |: Python version: 3.13.2 (main, Feb 26 2025, 14:05:36) [Clang 16.0.0 (clang-1600.0.26.6)]
2026-04-15 09:15:08,007 | MainThread   | [DEBUG   ] | run                 |: Parameters used:
2026-04-15 09:15:08,007 | MainThread   | [DEBUG   ] | run                 |: Symbol               : o
2026-04-15 09:15:08,007 | MainThread   | [DEBUG   ] | run                 |: Symbol size          : 5
2026-04-15 09:15:08,007 | MainThread   | [DEBUG   ] | run                 |: Line thickness       : 2
2026-04-15 09:15:08,007 | MainThread   | [DEBUG   ] | run                 |: Position tolerance   : 0.03
2026-04-15 09:15:08,007 | MainThread   | [DEBUG   ] | run                 |: ------------------

2026-04-15 09:15:21,260 | MainThread   | [DEBUG   ] | reset_all_plots     |: Resetting trajectory plots...
2026-04-15 09:15:30,826 | MainThread   | [DEBUG   ] | reset_all_plots     |: Resetting trajectory plots...
2026-04-15 09:15:38,804 | MainThread   | [DEBUG   ] | reset_all_plots     |: Resetting trajectory plots...
2026-04-15 09:15:41,035 | MainThread   | [DEBUG   ] | reset_all_plots     |: Resetting trajectory plots...
2026-04-15 09:15:46,176 | MainThread   | [DEBUG   ] | reset_all_plots     |: Resetting trajectory plots...
2026-04-15 09:16:18,054 | MainThread   | [DEBUG   ] | hide_plot           |: Hide Odometry
2026-04-15 09:16:18,837 | MainThread   | [DEBUG   ] | hide_plot           |: Hide Ground Truth
2026-04-15 09:16:19,475 | MainThread   | [DEBUG   ] | show_plot           |: Show Ground Truth
2026-04-15 09:16:19,937 | MainThread   | [DEBUG   ] | show_plot           |: Show Odometry
2026-04-15 09:16:20,775 | MainThread   | [DEBUG   ] | hide_plot           |: Hide Odometry
2026-04-15 09:16:21,087 | MainThread   | [DEBUG   ] | show_plot           |: Show Odometry
2026-04-15 09:16:23,121 | MainThread   | [DEBUG   ] | hide_plot           |: Hide Odometry
2026-04-15 09:16:23,488 | MainThread   | [DEBUG   ] | show_plot           |: Show Odometry
2026-04-15 09:16:24,091 | MainThread   | [DEBUG   ] | hide_plot           |: Hide Ground Truth
2026-04-15 09:16:24,538 | MainThread   | [DEBUG   ] | show_plot           |: Show Ground Truth
2026-04-15 09:16:25,292 | MainThread   | [DEBUG   ] | hide_plot           |: Hide Odometry
2026-04-15 09:16:25,737 | MainThread   | [DEBUG   ] | show_plot           |: Show Odometry
2026-04-15 09:16:31,020 | MainThread   | [DEBUG   ] | reset_all_plots     |: Resetting trajectory plots...
2026-04-25 15:08:32,366 | MainThread   | [DEBUG   ] | run                 |: Python version: 3.13.2 (main, Feb 26 2025, 14:05:36) [Clang 16.0.0 (clang-1600.0.26.6)]
2026-04-25 15:08:32,367 | MainThread   | [DEBUG   ] | run                 |: Parameters used:
2026-04-25 15:08:32,367 | MainThread   | [DEBUG   ] | run                 |: Symbol               : o
2026-04-25 15:08:32,367 | MainThread   | [DEBUG   ] | run                 |: Symbol size          : 5
2026-04-25 15:08:32,367 | MainThread   | [DEBUG   ] | run                 |: Line thickness       : 2
2026-04-25 15:08:32,367 | MainThread   | [DEBUG   ] | run                 |: Position tolerance   : 0.03
2026-04-25 15:08:32,367 | MainThread   | [DEBUG   ] | run                 |: ------------------

2026-04-25 15:19:57,634 | MainThread   | [DEBUG   ] | signal_handler      |: Received SIGTERM
2026-04-25 15:19:57,635 | MainThread   | [DEBUG   ] | run                 |: Exiting gracefully...
2026-04-25 15:32:48,736 | MainThread   | [DEBUG   ] | run                 |: Python version: 3.13.2 (main, Feb 26 2025, 14:05:36) [Clang 16.0.0 (clang-1600.0.26.6)]
2026-04-25 15:32:48,737 | MainThread   | [DEBUG   ] | run                 |: Parameters used:
2026-04-25 15:32:48,737 | MainThread   | [DEBUG   ] | run                 |: Symbol               : o
2026-04-25 15:32:48,737 | MainThread   | [DEBUG   ] | run                 |: Symbol size          : 5
2026-04-25 15:32:48,737 | MainThread   | [DEBUG   ] | run                 |: Line thickness       : 2
2026-04-25 15:32:48,737 | MainThread   | [DEBUG   ] | run                 |: Position tolerance   : 0.03
2026-04-25 15:32:48,737 | MainThread   | [DEBUG   ] | run                 |: ------------------

2026-04-25 15:42:49,047 | MainThread   | [DEBUG   ] | reset_all_plots     |: Resetting trajectory plots...
2026-04-25 17:11:18,705 | MainThread   | [DEBUG   ] | reset_all_plots     |: Resetting trajectory plots...
2026-04-25 17:11:39,183 | MainThread   | [DEBUG   ] | signal_handler      |: Received SIGTERM
2026-04-25 17:11:39,183 | MainThread   | [DEBUG   ] | run                 |: Exiting gracefully...
2026-04-25 17:11:41,208 | MainThread   | [DEBUG   ] | run                 |: Python version: 3.13.2 (main, Feb 26 2025, 14:05:36) [Clang 16.0.0 (clang-1600.0.26.6)]
2026-04-25 17:11:41,208 | MainThread   | [DEBUG   ] | run                 |: Parameters used:
2026-04-25 17:11:41,208 | MainThread   | [DEBUG   ] | run                 |: Symbol               : o
2026-04-25 17:11:41,208 | MainThread   | [DEBUG   ] | run                 |: Symbol size          : 5
2026-04-25 17:11:41,208 | MainThread   | [DEBUG   ] | run                 |: Line thickness       : 2
2026-04-25 17:11:41,208 | MainThread   | [DEBUG   ] | run                 |: Position tolerance   : 0.03
2026-04-25 17:11:41,208 | MainThread   | [DEBUG   ] | run                 |: ------------------

2026-04-25 17:12:16,935 | MainThread   | [DEBUG   ] | reset_all_plots     |: Resetting trajectory plots...
2026-04-25 17:15:54,412 | MainThread   | [DEBUG   ] | reset_all_plots     |: Resetting trajectory plots...
2026-04-25 17:20:41,958 | MainThread   | [DEBUG   ] | reset_all_plots     |: Resetting trajectory plots...
2026-04-25 17:30:59,804 | MainThread   | [DEBUG   ] | signal_handler      |: Received SIGTERM
2026-04-25 17:30:59,804 | MainThread   | [DEBUG   ] | run                 |: Exiting gracefully...
2026-04-25 17:31:54,982 | MainThread   | [DEBUG   ] | run                 |: Python version: 3.13.2 (main, Feb 26 2025, 14:05:36) [Clang 16.0.0 (clang-1600.0.26.6)]
2026-04-25 17:31:54,982 | MainThread   | [DEBUG   ] | run                 |: Parameters used:
2026-04-25 17:31:54,982 | MainThread   | [DEBUG   ] | run                 |: Symbol               : o
2026-04-25 17:31:54,982 | MainThread   | [DEBUG   ] | run                 |: Symbol size          : 5
2026-04-25 17:31:54,982 | MainThread   | [DEBUG   ] | run                 |: Line thickness       : 2
2026-04-25 17:31:54,982 | MainThread   | [DEBUG   ] | run                 |: Position tolerance   : 0.03
2026-04-25 17:31:54,982 | MainThread   | [DEBUG   ] | run                 |: ------------------

2026-04-25 17:32:37,699 | MainThread   | [DEBUG   ] | reset_all_plots     |: Resetting trajectory plots...
2026-04-25 17:33:11,278 | MainThread   | [DEBUG   ] | reset_all_plots     |: Resetting trajectory plots...
2026-04-25 17:33:48,897 | MainThread   | [DEBUG   ] | reset_all_plots     |: Resetting trajectory plots...
2026-04-25 17:38:42,800 | MainThread   | [DEBUG   ] | reset_all_plots     |: Resetting trajectory plots...
2026-04-25 17:40:32,358 | MainThread   | [DEBUG   ] | reset_all_plots     |: Resetting trajectory plots...
2026-04-25 17:40:51,497 | MainThread   | [DEBUG   ] | reset_all_plots     |: Resetting trajectory plots...
2026-04-25 17:41:51,056 | MainThread   | [DEBUG   ] | reset_all_plots     |: Resetting trajectory plots...
2026-04-25 17:48:05,310 | MainThread   | [DEBUG   ] | reset_all_plots     |: Resetting trajectory plots...
2026-04-25 17:48:28,940 | MainThread   | [DEBUG   ] | reset_all_plots     |: Resetting trajectory plots...
2026-04-25 17:52:08,709 | MainThread   | [DEBUG   ] | reset_all_plots     |: Resetting trajectory plots...
2026-04-25 17:53:18,404 | MainThread   | [DEBUG   ] | reset_all_plots     |: Resetting trajectory plots...
2026-04-25 18:04:24,437 | MainThread   | [DEBUG   ] | reset_all_plots     |: Resetting trajectory plots...
2026-04-25 18:16:26,620 | MainThread   | [DEBUG   ] | reset_all_plots     |: Resetting trajectory plots...
2026-04-25 18:17:04,758 | MainThread   | [DEBUG   ] | reset_all_plots     |: Resetting trajectory plots...
2026-04-25 18:38:11,421 | MainThread   | [DEBUG   ] | reset_all_plots     |: Resetting trajectory plots...
2026-04-25 18:39:06,279 | MainThread   | [DEBUG   ] | reset_all_plots     |: Resetting trajectory plots...
2026-04-25 18:40:30,123 | MainThread   | [DEBUG   ] | reset_all_plots     |: Resetting trajectory plots...
2026-04-25 18:40:55,504 | MainThread   | [DEBUG   ] | reset_all_plots     |: Resetting trajectory plots...
2026-04-25 18:42:27,535 | MainThread   | [DEBUG   ] | hide_plot           |: Hide Map
2026-04-25 18:42:28,285 | MainThread   | [DEBUG   ] | show_plot           |: Show Map
2026-04-25 18:42:29,068 | MainThread   | [DEBUG   ] | hide_plot           |: Hide Distribution
2026-04-25 18:42:31,068 | MainThread   | [DEBUG   ] | hide_plot           |: Hide Odometry
2026-04-25 18:42:31,501 | MainThread   | [DEBUG   ] | show_plot           |: Show Odometry
2026-04-25 18:42:32,168 | MainThread   | [DEBUG   ] | hide_plot           |: Hide Ground Truth
2026-04-25 18:42:32,534 | MainThread   | [DEBUG   ] | show_plot           |: Show Ground Truth
2026-04-25 18:42:48,654 | MainThread   | [DEBUG   ] | reset_all_plots     |: Resetting trajectory plots...
2026-04-25 18:54:09,142 | MainThread   | [DEBUG   ] | reset_all_plots     |: Resetting trajectory plots...
2026-04-25 18:56:38,768 | MainThread   | [DEBUG   ] | reset_all_plots     |: Resetting trajectory plots...
2026-04-25 18:58:58,026 | MainThread   | [DEBUG   ] | reset_all_plots     |: Resetting trajectory plots...
2026-04-25 18:59:23,259 | MainThread   | [DEBUG   ] | reset_all_plots     |: Resetting trajectory plots...
2026-04-25 19:08:46,778 | MainThread   | [DEBUG   ] | reset_all_plots     |: Resetting trajectory plots...
2026-04-25 19:20:09,880 | MainThread   | [DEBUG   ] | reset_all_plots     |: Resetting trajectory plots...
2026-04-25 19:21:30,097 | MainThread   | [DEBUG   ] | reset_all_plots     |: Resetting trajectory plots...
2026-04-25 19:22:45,219 | MainThread   | [DEBUG   ] | reset_all_plots     |: Resetting trajectory plots...
2026-04-25 19:23:06,981 | MainThread   | [DEBUG   ] | reset_all_plots     |: Resetting trajectory plots...
2026-04-25 19:23:33,793 | MainThread   | [DEBUG   ] | reset_all_plots     |: Resetting trajectory plots...
2026-04-25 19:25:19,699 | MainThread   | [DEBUG   ] | reset_all_plots     |: Resetting trajectory plots...
2026-04-25 19:25:48,912 | MainThread   | [DEBUG   ] | reset_all_plots     |: Resetting trajectory plots...
2026-04-25 19:26:18,296 | MainThread   | [DEBUG   ] | reset_all_plots     |: Resetting trajectory plots...
2026-04-25 19:30:48,330 | MainThread   | [DEBUG   ] | reset_all_plots     |: Resetting trajectory plots...
2026-04-25 19:31:27,903 | MainThread   | [DEBUG   ] | reset_all_plots     |: Resetting trajectory plots...
2026-04-25 19:33:28,700 | MainThread   | [DEBUG   ] | reset_all_plots     |: Resetting trajectory plots...
2026-04-25 19:38:19,448 | MainThread   | [DEBUG   ] | reset_all_plots     |: Resetting trajectory plots...
2026-04-25 19:43:30,470 | MainThread   | [DEBUG   ] | reset_all_plots     |: Resetting trajectory plots...
2026-04-25 19:45:48,483 | MainThread   | [DEBUG   ] | reset_all_plots     |: Resetting trajectory plots...
2026-04-25 19:50:10,467 | MainThread   | [DEBUG   ] | reset_all_plots     |: Resetting trajectory plots...
2026-04-25 19:50:26,178 | MainThread   | [DEBUG   ] | reset_all_plots     |: Resetting trajectory plots...
2026-04-25 19:52:14,885 | MainThread   | [DEBUG   ] | signal_handler      |: Received SIGTERM
2026-04-25 19:52:14,886 | MainThread   | [DEBUG   ] | run                 |: Exiting gracefully...
2026-04-25 19:54:20,889 | MainThread   | [DEBUG   ] | run                 |: Python version: 3.13.2 (main, Feb 26 2025, 14:05:36) [Clang 16.0.0 (clang-1600.0.26.6)]
2026-04-25 19:54:20,889 | MainThread   | [DEBUG   ] | run                 |: Parameters used:
2026-04-25 19:54:20,889 | MainThread   | [DEBUG   ] | run                 |: Symbol               : o
2026-04-25 19:54:20,889 | MainThread   | [DEBUG   ] | run                 |: Symbol size          : 5
2026-04-25 19:54:20,890 | MainThread   | [DEBUG   ] | run                 |: Line thickness       : 2
2026-04-25 19:54:20,890 | MainThread   | [DEBUG   ] | run                 |: Position tolerance   : 0.03
2026-04-25 19:54:20,890 | MainThread   | [DEBUG   ] | run                 |: ------------------

2026-04-25 19:54:38,520 | MainThread   | [DEBUG   ] | hide_plot           |: Hide Odometry
2026-04-25 19:54:38,903 | MainThread   | [DEBUG   ] | show_plot           |: Show Odometry
2026-04-25 19:54:39,319 | MainThread   | [DEBUG   ] | hide_plot           |: Hide Ground Truth
2026-04-25 19:54:39,903 | MainThread   | [DEBUG   ] | show_plot           |: Show Ground Truth
2026-04-25 19:54:42,319 | MainThread   | [DEBUG   ] | hide_plot           |: Hide Distribution
2026-04-25 19:54:42,854 | MainThread   | [DEBUG   ] | hide_plot           |: Hide Map
2026-04-25 19:54:43,485 | MainThread   | [DEBUG   ] | show_plot           |: Show Map
2026-04-25 19:54:43,940 | MainThread   | [DEBUG   ] | hide_plot           |: Hide Belief
2026-04-25 19:54:44,338 | MainThread   | [DEBUG   ] | show_plot           |: Show Belief
2026-04-25 19:54:45,302 | MainThread   | [DEBUG   ] | reset_all_plots     |: Resetting trajectory plots...
2026-04-25 19:54:45,612 | MainThread   | [DEBUG   ] | reset_all_plots     |: Resetting trajectory plots...
2026-04-25 19:55:11,511 | MainThread   | [DEBUG   ] | reset_all_plots     |: Resetting trajectory plots...
2026-04-25 19:56:05,154 | MainThread   | [DEBUG   ] | hide_plot           |: Hide Ground Truth
2026-04-25 19:56:05,571 | MainThread   | [DEBUG   ] | show_plot           |: Show Ground Truth
2026-04-25 19:56:06,023 | MainThread   | [DEBUG   ] | hide_plot           |: Hide Odometry
2026-04-25 19:56:06,439 | MainThread   | [DEBUG   ] | show_plot           |: Show Odometry
2026-04-25 19:56:07,104 | MainThread   | [DEBUG   ] | hide_plot           |: Hide Belief
2026-04-25 19:56:07,871 | MainThread   | [DEBUG   ] | show_plot           |: Show Belief
2026-04-25 19:56:08,471 | MainThread   | [DEBUG   ] | hide_plot           |: Hide Map
2026-04-25 19:56:08,871 | MainThread   | [DEBUG   ] | show_plot           |: Show Map
2026-04-25 19:56:09,505 | MainThread   | [DEBUG   ] | show_plot           |: Show Distribution
2026-04-25 19:57:06,129 | MainThread   | [DEBUG   ] | reset_all_plots     |: Resetting trajectory plots...
2026-04-25 19:58:09,921 | MainThread   | [DEBUG   ] | reset_all_plots     |: Resetting trajectory plots...
2026-04-25 20:00:38,992 | MainThread   | [DEBUG   ] | hide_plot           |: Hide Distribution
2026-04-25 20:01:16,892 | MainThread   | [DEBUG   ] | show_plot           |: Show Distribution
2026-04-25 20:01:17,242 | MainThread   | [DEBUG   ] | hide_plot           |: Hide Distribution
2026-04-25 20:01:17,612 | MainThread   | [DEBUG   ] | show_plot           |: Show Distribution
2026-04-25 20:01:19,042 | MainThread   | [DEBUG   ] | hide_plot           |: Hide Distribution
2026-04-25 20:02:16,444 | MainThread   | [DEBUG   ] | show_plot           |: Show Distribution
2026-04-25 20:02:17,209 | MainThread   | [DEBUG   ] | hide_plot           |: Hide Distribution
2026-04-25 20:02:17,698 | MainThread   | [DEBUG   ] | show_plot           |: Show Distribution
2026-04-25 20:02:18,092 | MainThread   | [DEBUG   ] | hide_plot           |: Hide Distribution
2026-04-25 20:03:14,694 | MainThread   | [DEBUG   ] | show_plot           |: Show Distribution
2026-04-25 20:03:15,777 | MainThread   | [DEBUG   ] | hide_plot           |: Hide Distribution
2026-04-25 20:03:16,111 | MainThread   | [DEBUG   ] | show_plot           |: Show Distribution
2026-04-25 20:03:17,061 | MainThread   | [DEBUG   ] | hide_plot           |: Hide Distribution
2026-04-25 20:03:17,444 | MainThread   | [DEBUG   ] | show_plot           |: Show Distribution
2026-04-25 20:07:09,336 | MainThread   | [DEBUG   ] | reset_all_plots     |: Resetting trajectory plots...
2026-04-25 20:07:32,780 | MainThread   | [DEBUG   ] | signal_handler      |: Received SIGTERM
2026-04-25 20:07:32,780 | MainThread   | [DEBUG   ] | run                 |: Exiting gracefully...
2026-04-25 20:07:34,884 | MainThread   | [DEBUG   ] | run                 |: Python version: 3.13.2 (main, Feb 26 2025, 14:05:36) [Clang 16.0.0 (clang-1600.0.26.6)]
2026-04-25 20:07:34,884 | MainThread   | [DEBUG   ] | run                 |: Parameters used:
2026-04-25 20:07:34,884 | MainThread   | [DEBUG   ] | run                 |: Symbol               : o
2026-04-25 20:07:34,885 | MainThread   | [DEBUG   ] | run                 |: Symbol size          : 5
2026-04-25 20:07:34,885 | MainThread   | [DEBUG   ] | run                 |: Line thickness       : 2
2026-04-25 20:07:34,885 | MainThread   | [DEBUG   ] | run                 |: Position tolerance   : 0.03
2026-04-25 20:07:34,885 | MainThread   | [DEBUG   ] | run                 |: ------------------

2026-04-25 20:07:46,748 | MainThread   | [DEBUG   ] | hide_plot           |: Hide Distribution
2026-04-25 20:08:03,423 | MainThread   | [DEBUG   ] | show_plot           |: Show Distribution
2026-04-25 20:08:27,415 | MainThread   | [DEBUG   ] | hide_plot           |: Hide Distribution
2026-04-25 20:08:27,915 | MainThread   | [DEBUG   ] | show_plot           |: Show Distribution
2026-04-25 20:08:28,432 | MainThread   | [DEBUG   ] | hide_plot           |: Hide Distribution
2026-04-25 20:08:54,426 | MainThread   | [DEBUG   ] | signal_handler      |: Received SIGTERM
2026-04-25 20:08:54,426 | MainThread   | [DEBUG   ] | run                 |: Exiting gracefully...
2026-04-25 23:50:45,517 | MainThread   | [DEBUG   ] | run                 |: Python version: 3.13.2 (main, Feb 26 2025, 14:05:36) [Clang 16.0.0 (clang-1600.0.26.6)]
2026-04-25 23:50:45,517 | MainThread   | [DEBUG   ] | run                 |: Parameters used:
2026-04-25 23:50:45,517 | MainThread   | [DEBUG   ] | run                 |: Symbol               : o
2026-04-25 23:50:45,517 | MainThread   | [DEBUG   ] | run                 |: Symbol size          : 5
2026-04-25 23:50:45,517 | MainThread   | [DEBUG   ] | run                 |: Line thickness       : 2
2026-04-25 23:50:45,517 | MainThread   | [DEBUG   ] | run                 |: Position tolerance   : 0.03
2026-04-25 23:50:45,517 | MainThread   | [DEBUG   ] | run                 |: ------------------

2026-04-25 23:51:04,394 | MainThread   | [DEBUG   ] | reset_all_plots     |: Resetting trajectory plots...
2026-04-25 23:54:27,833 | MainThread   | [DEBUG   ] | signal_handler      |: Received SIGTERM
2026-04-25 23:54:27,833 | MainThread   | [DEBUG   ] | run                 |: Exiting gracefully...
2026-04-25 23:57:49,685 | MainThread   | [DEBUG   ] | run                 |: Python version: 3.13.2 (main, Feb 26 2025, 14:05:36) [Clang 16.0.0 (clang-1600.0.26.6)]
2026-04-25 23:57:49,686 | MainThread   | [DEBUG   ] | run                 |: Parameters used:
2026-04-25 23:57:49,686 | MainThread   | [DEBUG   ] | run                 |: Symbol               : o
2026-04-25 23:57:49,686 | MainThread   | [DEBUG   ] | run                 |: Symbol size          : 5
2026-04-25 23:57:49,686 | MainThread   | [DEBUG   ] | run                 |: Line thickness       : 2
2026-04-25 23:57:49,686 | MainThread   | [DEBUG   ] | run                 |: Position tolerance   : 0.03
2026-04-25 23:57:49,686 | MainThread   | [DEBUG   ] | run                 |: ------------------

2026-04-26 00:07:49,854 | MainThread   | [DEBUG   ] | signal_handler      |: Received SIGTERM
2026-04-26 00:07:49,855 | MainThread   | [DEBUG   ] | run                 |: Exiting gracefully...
2026-04-26 16:28:46,613 | MainThread   | [DEBUG   ] | run                 |: Python version: 3.13.2 (main, Feb 26 2025, 14:05:36) [Clang 16.0.0 (clang-1600.0.26.6)]
2026-04-26 16:28:46,613 | MainThread   | [DEBUG   ] | run                 |: Parameters used:
2026-04-26 16:28:46,613 | MainThread   | [DEBUG   ] | run                 |: Symbol               : o
2026-04-26 16:28:46,613 | MainThread   | [DEBUG   ] | run                 |: Symbol size          : 5
2026-04-26 16:28:46,613 | MainThread   | [DEBUG   ] | run                 |: Line thickness       : 2
2026-04-26 16:28:46,613 | MainThread   | [DEBUG   ] | run                 |: Position tolerance   : 0.03
2026-04-26 16:28:46,613 | MainThread   | [DEBUG   ] | run                 |: ------------------

2026-04-26 16:33:34,675 | MainThread   | [DEBUG   ] | reset_all_plots     |: Resetting trajectory plots...
2026-04-26 16:33:42,949 | MainThread   | [DEBUG   ] | reset_all_plots     |: Resetting trajectory plots...
2026-04-26 16:34:43,386 | MainThread   | [DEBUG   ] | reset_all_plots     |: Resetting trajectory plots...
2026-04-26 16:36:04,324 | MainThread   | [DEBUG   ] | reset_all_plots     |: Resetting trajectory plots...
2026-04-26 16:36:16,967 | MainThread   | [DEBUG   ] | reset_all_plots     |: Resetting trajectory plots...
2026-04-26 16:36:31,028 | MainThread   | [DEBUG   ] | signal_handler      |: Received SIGTERM
2026-04-26 16:36:31,028 | MainThread   | [DEBUG   ] | run                 |: Exiting gracefully...
2026-04-26 16:38:50,542 | MainThread   | [DEBUG   ] | run                 |: Python version: 3.13.2 (main, Feb 26 2025, 14:05:36) [Clang 16.0.0 (clang-1600.0.26.6)]
2026-04-26 16:38:50,543 | MainThread   | [DEBUG   ] | run                 |: Parameters used:
2026-04-26 16:38:50,543 | MainThread   | [DEBUG   ] | run                 |: Symbol               : o
2026-04-26 16:38:50,543 | MainThread   | [DEBUG   ] | run                 |: Symbol size          : 5
2026-04-26 16:38:50,543 | MainThread   | [DEBUG   ] | run                 |: Line thickness       : 2
2026-04-26 16:38:50,543 | MainThread   | [DEBUG   ] | run                 |: Position tolerance   : 0.03
2026-04-26 16:38:50,543 | MainThread   | [DEBUG   ] | run                 |: ------------------

2026-04-26 16:39:13,003 | MainThread   | [DEBUG   ] | reset_all_plots     |: Resetting trajectory plots...
2026-04-26 16:40:48,991 | MainThread   | [DEBUG   ] | reset_all_plots     |: Resetting trajectory plots...
2026-04-26 16:43:11,737 | MainThread   | [DEBUG   ] | signal_handler      |: Received SIGTERM
2026-04-26 16:43:11,738 | MainThread   | [DEBUG   ] | run                 |: Exiting gracefully...
2026-04-26 16:43:28,032 | MainThread   | [DEBUG   ] | run                 |: Python version: 3.13.2 (main, Feb 26 2025, 14:05:36) [Clang 16.0.0 (clang-1600.0.26.6)]
2026-04-26 16:43:28,032 | MainThread   | [DEBUG   ] | run                 |: Parameters used:
2026-04-26 16:43:28,032 | MainThread   | [DEBUG   ] | run                 |: Symbol               : o
2026-04-26 16:43:28,032 | MainThread   | [DEBUG   ] | run                 |: Symbol size          : 5
2026-04-26 16:43:28,032 | MainThread   | [DEBUG   ] | run                 |: Line thickness       : 2
2026-04-26 16:43:28,032 | MainThread   | [DEBUG   ] | run                 |: Position tolerance   : 0.03
2026-04-26 16:43:28,032 | MainThread   | [DEBUG   ] | run                 |: ------------------

2026-04-26 16:43:50,366 | MainThread   | [DEBUG   ] | reset_all_plots     |: Resetting trajectory plots...
2026-04-26 16:44:57,539 | MainThread   | [DEBUG   ] | reset_all_plots     |: Resetting trajectory plots...
2026-04-26 16:46:27,902 | MainThread   | [DEBUG   ] | signal_handler      |: Received SIGTERM
2026-04-26 16:46:27,902 | MainThread   | [DEBUG   ] | run                 |: Exiting gracefully...
2026-04-26 16:46:33,448 | MainThread   | [DEBUG   ] | run                 |: Python version: 3.13.2 (main, Feb 26 2025, 14:05:36) [Clang 16.0.0 (clang-1600.0.26.6)]
2026-04-26 16:46:33,448 | MainThread   | [DEBUG   ] | run                 |: Parameters used:
2026-04-26 16:46:33,449 | MainThread   | [DEBUG   ] | run                 |: Symbol               : o
2026-04-26 16:46:33,449 | MainThread   | [DEBUG   ] | run                 |: Symbol size          : 5
2026-04-26 16:46:33,449 | MainThread   | [DEBUG   ] | run                 |: Line thickness       : 2
2026-04-26 16:46:33,449 | MainThread   | [DEBUG   ] | run                 |: Position tolerance   : 0.03
2026-04-26 16:46:33,449 | MainThread   | [DEBUG   ] | run                 |: ------------------

2026-04-26 16:46:58,782 | MainThread   | [DEBUG   ] | reset_all_plots     |: Resetting trajectory plots...
2026-04-26 16:54:16,181 | MainThread   | [DEBUG   ] | reset_all_plots     |: Resetting trajectory plots...
2026-04-26 16:56:05,545 | MainThread   | [DEBUG   ] | signal_handler      |: Received SIGTERM
2026-04-26 16:56:05,545 | MainThread   | [DEBUG   ] | run                 |: Exiting gracefully...
2026-04-26 16:56:12,141 | MainThread   | [DEBUG   ] | run                 |: Python version: 3.13.2 (main, Feb 26 2025, 14:05:36) [Clang 16.0.0 (clang-1600.0.26.6)]
2026-04-26 16:56:12,142 | MainThread   | [DEBUG   ] | run                 |: Parameters used:
2026-04-26 16:56:12,142 | MainThread   | [DEBUG   ] | run                 |: Symbol               : o
2026-04-26 16:56:12,142 | MainThread   | [DEBUG   ] | run                 |: Symbol size          : 5
2026-04-26 16:56:12,142 | MainThread   | [DEBUG   ] | run                 |: Line thickness       : 2
2026-04-26 16:56:12,142 | MainThread   | [DEBUG   ] | run                 |: Position tolerance   : 0.03
2026-04-26 16:56:12,142 | MainThread   | [DEBUG   ] | run                 |: ------------------

2026-04-26 16:56:31,569 | MainThread   | [DEBUG   ] | reset_all_plots     |: Resetting trajectory plots...
2026-04-26 16:59:24,189 | MainThread   | [DEBUG   ] | reset_all_plots     |: Resetting trajectory plots...
2026-04-26 17:00:25,636 | MainThread   | [DEBUG   ] | signal_handler      |: Received SIGTERM
2026-04-26 17:00:25,636 | MainThread   | [DEBUG   ] | run                 |: Exiting gracefully...
2026-04-26 17:00:31,052 | MainThread   | [DEBUG   ] | run                 |: Python version: 3.13.2 (main, Feb 26 2025, 14:05:36) [Clang 16.0.0 (clang-1600.0.26.6)]
2026-04-26 17:00:31,052 | MainThread   | [DEBUG   ] | run                 |: Parameters used:
2026-04-26 17:00:31,052 | MainThread   | [DEBUG   ] | run                 |: Symbol               : o
2026-04-26 17:00:31,052 | MainThread   | [DEBUG   ] | run                 |: Symbol size          : 5
2026-04-26 17:00:31,052 | MainThread   | [DEBUG   ] | run                 |: Line thickness       : 2
2026-04-26 17:00:31,052 | MainThread   | [DEBUG   ] | run                 |: Position tolerance   : 0.03
2026-04-26 17:00:31,052 | MainThread   | [DEBUG   ] | run                 |: ------------------

2026-04-26 17:00:51,947 | MainThread   | [DEBUG   ] | reset_all_plots     |: Resetting trajectory plots...
2026-04-26 17:10:57,988 | MainThread   | [DEBUG   ] | signal_handler      |: Received SIGTERM
2026-04-26 17:10:57,989 | MainThread   | [DEBUG   ] | run                 |: Exiting gracefully...
2026-04-26 17:11:02,554 | MainThread   | [DEBUG   ] | run                 |: Python version: 3.13.2 (main, Feb 26 2025, 14:05:36) [Clang 16.0.0 (clang-1600.0.26.6)]
2026-04-26 17:11:02,554 | MainThread   | [DEBUG   ] | run                 |: Parameters used:
2026-04-26 17:11:02,554 | MainThread   | [DEBUG   ] | run                 |: Symbol               : o
2026-04-26 17:11:02,554 | MainThread   | [DEBUG   ] | run                 |: Symbol size          : 5
2026-04-26 17:11:02,554 | MainThread   | [DEBUG   ] | run                 |: Line thickness       : 2
2026-04-26 17:11:02,554 | MainThread   | [DEBUG   ] | run                 |: Position tolerance   : 0.03
2026-04-26 17:11:02,554 | MainThread   | [DEBUG   ] | run                 |: ------------------

2026-04-26 17:11:33,379 | MainThread   | [DEBUG   ] | reset_all_plots     |: Resetting trajectory plots...
2026-04-26 17:33:34,654 | MainThread   | [DEBUG   ] | reset_all_plots     |: Resetting trajectory plots...
2026-04-26 17:36:15,209 | MainThread   | [DEBUG   ] | signal_handler      |: Received SIGTERM
2026-04-26 17:36:15,210 | MainThread   | [DEBUG   ] | run                 |: Exiting gracefully...
2026-04-26 17:36:20,689 | MainThread   | [DEBUG   ] | run                 |: Python version: 3.13.2 (main, Feb 26 2025, 14:05:36) [Clang 16.0.0 (clang-1600.0.26.6)]
2026-04-26 17:36:20,690 | MainThread   | [DEBUG   ] | run                 |: Parameters used:
2026-04-26 17:36:20,690 | MainThread   | [DEBUG   ] | run                 |: Symbol               : o
2026-04-26 17:36:20,690 | MainThread   | [DEBUG   ] | run                 |: Symbol size          : 5
2026-04-26 17:36:20,690 | MainThread   | [DEBUG   ] | run                 |: Line thickness       : 2
2026-04-26 17:36:20,690 | MainThread   | [DEBUG   ] | run                 |: Position tolerance   : 0.03
2026-04-26 17:36:20,690 | MainThread   | [DEBUG   ] | run                 |: ------------------

2026-04-26 17:36:44,135 | MainThread   | [DEBUG   ] | reset_all_plots     |: Resetting trajectory plots...
2026-04-26 17:43:46,730 | MainThread   | [DEBUG   ] | reset_all_plots     |: Resetting trajectory plots...
2026-04-26 17:44:13,455 | MainThread   | [DEBUG   ] | reset_all_plots     |: Resetting trajectory plots...
2026-04-26 17:44:25,120 | MainThread   | [DEBUG   ] | reset_all_plots     |: Resetting trajectory plots...
2026-04-26 17:44:48,144 | MainThread   | [DEBUG   ] | reset_all_plots     |: Resetting trajectory plots...
2026-04-26 17:44:56,566 | MainThread   | [DEBUG   ] | signal_handler      |: Received SIGTERM
2026-04-26 17:44:56,566 | MainThread   | [DEBUG   ] | run                 |: Exiting gracefully...
2026-04-26 17:45:00,261 | MainThread   | [DEBUG   ] | run                 |: Python version: 3.13.2 (main, Feb 26 2025, 14:05:36) [Clang 16.0.0 (clang-1600.0.26.6)]
2026-04-26 17:45:00,262 | MainThread   | [DEBUG   ] | run                 |: Parameters used:
2026-04-26 17:45:00,262 | MainThread   | [DEBUG   ] | run                 |: Symbol               : o
2026-04-26 17:45:00,262 | MainThread   | [DEBUG   ] | run                 |: Symbol size          : 5
2026-04-26 17:45:00,262 | MainThread   | [DEBUG   ] | run                 |: Line thickness       : 2
2026-04-26 17:45:00,262 | MainThread   | [DEBUG   ] | run                 |: Position tolerance   : 0.03
2026-04-26 17:45:00,262 | MainThread   | [DEBUG   ] | run                 |: ------------------

2026-04-26 17:45:11,061 | MainThread   | [DEBUG   ] | reset_all_plots     |: Resetting trajectory plots...
2026-04-26 17:48:59,053 | MainThread   | [DEBUG   ] | reset_all_plots     |: Resetting trajectory plots...
2026-04-26 17:50:18,777 | MainThread   | [DEBUG   ] | reset_all_plots     |: Resetting trajectory plots...
2026-04-26 17:50:26,381 | MainThread   | [DEBUG   ] | hide_plot           |: Hide Odometry
2026-04-26 17:50:26,756 | MainThread   | [DEBUG   ] | show_plot           |: Show Odometry
2026-04-26 17:50:27,194 | MainThread   | [DEBUG   ] | hide_plot           |: Hide Odometry
2026-04-26 17:50:27,623 | MainThread   | [DEBUG   ] | show_plot           |: Show Odometry
2026-04-26 17:50:28,048 | MainThread   | [DEBUG   ] | hide_plot           |: Hide Ground Truth
2026-04-26 17:50:28,415 | MainThread   | [DEBUG   ] | show_plot           |: Show Ground Truth
2026-04-26 17:50:28,940 | MainThread   | [DEBUG   ] | hide_plot           |: Hide Belief
2026-04-26 17:50:29,290 | MainThread   | [DEBUG   ] | show_plot           |: Show Belief
2026-04-26 17:50:29,848 | MainThread   | [DEBUG   ] | hide_plot           |: Hide Odometry
2026-04-26 17:50:30,215 | MainThread   | [DEBUG   ] | show_plot           |: Show Odometry
2026-04-26 17:50:30,723 | MainThread   | [DEBUG   ] | hide_plot           |: Hide Ground Truth
2026-04-26 17:50:31,098 | MainThread   | [DEBUG   ] | show_plot           |: Show Ground Truth
2026-04-26 17:50:52,311 | MainThread   | [DEBUG   ] | reset_all_plots     |: Resetting trajectory plots...
2026-04-26 17:50:56,783 | MainThread   | [DEBUG   ] | reset_all_plots     |: Resetting trajectory plots...
2026-04-26 17:51:56,836 | MainThread   | [DEBUG   ] | reset_all_plots     |: Resetting trajectory plots...
2026-04-26 17:52:01,625 | MainThread   | [DEBUG   ] | reset_all_plots     |: Resetting trajectory plots...
2026-04-26 17:52:08,046 | MainThread   | [DEBUG   ] | reset_all_plots     |: Resetting trajectory plots...
2026-04-26 17:52:16,141 | MainThread   | [DEBUG   ] | reset_all_plots     |: Resetting trajectory plots...
2026-04-26 17:53:35,364 | MainThread   | [DEBUG   ] | signal_handler      |: Received SIGTERM
2026-04-26 17:53:35,364 | MainThread   | [DEBUG   ] | run                 |: Exiting gracefully...
2026-04-26 17:53:45,424 | MainThread   | [DEBUG   ] | run                 |: Python version: 3.13.2 (main, Feb 26 2025, 14:05:36) [Clang 16.0.0 (clang-1600.0.26.6)]
2026-04-26 17:53:45,424 | MainThread   | [DEBUG   ] | run                 |: Parameters used:
2026-04-26 17:53:45,424 | MainThread   | [DEBUG   ] | run                 |: Symbol               : o
2026-04-26 17:53:45,424 | MainThread   | [DEBUG   ] | run                 |: Symbol size          : 5
2026-04-26 17:53:45,424 | MainThread   | [DEBUG   ] | run                 |: Line thickness       : 2
2026-04-26 17:53:45,425 | MainThread   | [DEBUG   ] | run                 |: Position tolerance   : 0.03
2026-04-26 17:53:45,425 | MainThread   | [DEBUG   ] | run                 |: ------------------

2026-04-26 17:54:05,958 | MainThread   | [DEBUG   ] | reset_all_plots     |: Resetting trajectory plots...
2026-04-26 17:54:13,648 | MainThread   | [DEBUG   ] | reset_all_plots     |: Resetting trajectory plots...
2026-04-26 17:54:20,967 | MainThread   | [DEBUG   ] | reset_all_plots     |: Resetting trajectory plots...
2026-04-26 17:54:35,398 | MainThread   | [DEBUG   ] | reset_all_plots     |: Resetting trajectory plots...
2026-04-26 17:54:57,043 | MainThread   | [DEBUG   ] | reset_all_plots     |: Resetting trajectory plots...
2026-04-26 17:55:00,624 | MainThread   | [DEBUG   ] | hide_plot           |: Hide Belief
2026-04-26 17:55:01,062 | MainThread   | [DEBUG   ] | show_plot           |: Show Belief
2026-04-26 17:55:01,462 | MainThread   | [DEBUG   ] | hide_plot           |: Hide Belief
2026-04-26 17:55:01,820 | MainThread   | [DEBUG   ] | show_plot           |: Show Belief
2026-04-26 17:55:02,449 | MainThread   | [DEBUG   ] | hide_plot           |: Hide Belief
2026-04-26 17:55:07,691 | MainThread   | [DEBUG   ] | show_plot           |: Show Belief
2026-04-26 17:55:27,841 | MainThread   | [DEBUG   ] | hide_plot           |: Hide Distribution
2026-04-26 17:55:28,237 | MainThread   | [DEBUG   ] | show_plot           |: Show Distribution
2026-04-26 17:55:28,862 | MainThread   | [DEBUG   ] | hide_plot           |: Hide Distribution
2026-04-26 17:56:01,531 | MainThread   | [DEBUG   ] | reset_all_plots     |: Resetting trajectory plots...
2026-04-26 17:56:03,750 | MainThread   | [DEBUG   ] | show_plot           |: Show Distribution
2026-04-26 17:56:08,466 | MainThread   | [DEBUG   ] | hide_plot           |: Hide Distribution
2026-04-26 17:57:10,507 | MainThread   | [DEBUG   ] | signal_handler      |: Received SIGTERM
2026-04-26 17:57:10,507 | MainThread   | [DEBUG   ] | run                 |: Exiting gracefully...
2026-04-26 17:57:16,507 | MainThread   | [DEBUG   ] | run                 |: Python version: 3.13.2 (main, Feb 26 2025, 14:05:36) [Clang 16.0.0 (clang-1600.0.26.6)]
2026-04-26 17:57:16,507 | MainThread   | [DEBUG   ] | run                 |: Parameters used:
2026-04-26 17:57:16,507 | MainThread   | [DEBUG   ] | run                 |: Symbol               : o
2026-04-26 17:57:16,507 | MainThread   | [DEBUG   ] | run                 |: Symbol size          : 5
2026-04-26 17:57:16,507 | MainThread   | [DEBUG   ] | run                 |: Line thickness       : 2
2026-04-26 17:57:16,508 | MainThread   | [DEBUG   ] | run                 |: Position tolerance   : 0.03
2026-04-26 17:57:16,508 | MainThread   | [DEBUG   ] | run                 |: ------------------

2026-04-26 17:57:29,908 | MainThread   | [DEBUG   ] | reset_all_plots     |: Resetting trajectory plots...
2026-04-26 17:57:51,009 | MainThread   | [DEBUG   ] | hide_plot           |: Hide Belief
2026-04-26 17:57:51,421 | MainThread   | [DEBUG   ] | show_plot           |: Show Belief
2026-04-26 17:57:59,597 | MainThread   | [DEBUG   ] | reset_all_plots     |: Resetting trajectory plots...
2026-04-26 17:58:02,317 | MainThread   | [DEBUG   ] | hide_plot           |: Hide Odometry
2026-04-26 17:58:03,338 | MainThread   | [DEBUG   ] | hide_plot           |: Hide Belief
2026-04-26 17:58:03,721 | MainThread   | [DEBUG   ] | show_plot           |: Show Belief
2026-04-26 17:58:04,109 | MainThread   | [DEBUG   ] | hide_plot           |: Hide Belief
2026-04-26 17:58:04,588 | MainThread   | [DEBUG   ] | show_plot           |: Show Odometry
2026-04-26 17:58:05,471 | MainThread   | [DEBUG   ] | show_plot           |: Show Belief
2026-04-26 17:58:57,522 | MainThread   | [DEBUG   ] | reset_all_plots     |: Resetting trajectory plots...
2026-04-26 17:59:07,044 | MainThread   | [DEBUG   ] | reset_all_plots     |: Resetting trajectory plots...
2026-04-26 17:59:26,142 | MainThread   | [DEBUG   ] | hide_plot           |: Hide Belief
2026-04-26 17:59:26,555 | MainThread   | [DEBUG   ] | show_plot           |: Show Belief
2026-04-26 17:59:29,113 | MainThread   | [DEBUG   ] | hide_plot           |: Hide Distribution
2026-04-26 17:59:29,542 | MainThread   | [DEBUG   ] | show_plot           |: Show Distribution
2026-04-26 17:59:33,209 | MainThread   | [DEBUG   ] | hide_plot           |: Hide Distribution
2026-04-26 17:59:35,438 | MainThread   | [DEBUG   ] | show_plot           |: Show Distribution
2026-04-26 17:59:36,109 | MainThread   | [DEBUG   ] | hide_plot           |: Hide Distribution
2026-04-26 17:59:36,501 | MainThread   | [DEBUG   ] | show_plot           |: Show Distribution
2026-04-26 17:59:37,876 | MainThread   | [DEBUG   ] | hide_plot           |: Hide Distribution
2026-04-26 17:59:49,755 | MainThread   | [DEBUG   ] | signal_handler      |: Received SIGTERM
2026-04-26 17:59:49,755 | MainThread   | [DEBUG   ] | run                 |: Exiting gracefully...
2026-04-26 17:59:57,648 | MainThread   | [DEBUG   ] | run                 |: Python version: 3.13.2 (main, Feb 26 2025, 14:05:36) [Clang 16.0.0 (clang-1600.0.26.6)]
2026-04-26 17:59:57,649 | MainThread   | [DEBUG   ] | run                 |: Parameters used:
2026-04-26 17:59:57,649 | MainThread   | [DEBUG   ] | run                 |: Symbol               : o
2026-04-26 17:59:57,649 | MainThread   | [DEBUG   ] | run                 |: Symbol size          : 5
2026-04-26 17:59:57,649 | MainThread   | [DEBUG   ] | run                 |: Line thickness       : 2
2026-04-26 17:59:57,649 | MainThread   | [DEBUG   ] | run                 |: Position tolerance   : 0.03
2026-04-26 17:59:57,649 | MainThread   | [DEBUG   ] | run                 |: ------------------

2026-04-26 18:00:11,020 | MainThread   | [DEBUG   ] | reset_all_plots     |: Resetting trajectory plots...
2026-04-26 18:00:58,188 | MainThread   | [DEBUG   ] | signal_handler      |: Received SIGTERM
2026-04-26 18:00:58,188 | MainThread   | [DEBUG   ] | run                 |: Exiting gracefully...
2026-04-26 18:01:09,607 | MainThread   | [DEBUG   ] | run                 |: Python version: 3.13.2 (main, Feb 26 2025, 14:05:36) [Clang 16.0.0 (clang-1600.0.26.6)]
2026-04-26 18:01:09,607 | MainThread   | [DEBUG   ] | run                 |: Parameters used:
2026-04-26 18:01:09,607 | MainThread   | [DEBUG   ] | run                 |: Symbol               : o
2026-04-26 18:01:09,607 | MainThread   | [DEBUG   ] | run                 |: Symbol size          : 5
2026-04-26 18:01:09,607 | MainThread   | [DEBUG   ] | run                 |: Line thickness       : 2
2026-04-26 18:01:09,607 | MainThread   | [DEBUG   ] | run                 |: Position tolerance   : 0.03
2026-04-26 18:01:09,607 | MainThread   | [DEBUG   ] | run                 |: ------------------

2026-04-26 18:01:26,395 | MainThread   | [DEBUG   ] | reset_all_plots     |: Resetting trajectory plots...
2026-04-26 18:01:44,174 | MainThread   | [DEBUG   ] | reset_all_plots     |: Resetting trajectory plots...
2026-04-26 18:01:56,998 | MainThread   | [DEBUG   ] | hide_plot           |: Hide Distribution
2026-04-26 18:01:57,372 | MainThread   | [DEBUG   ] | show_plot           |: Show Distribution
2026-04-26 18:01:57,955 | MainThread   | [DEBUG   ] | hide_plot           |: Hide Distribution
2026-04-26 18:02:49,164 | MainThread   | [DEBUG   ] | signal_handler      |: Received SIGTERM
2026-04-26 18:02:49,164 | MainThread   | [DEBUG   ] | run                 |: Exiting gracefully...
2026-04-26 18:02:58,979 | MainThread   | [DEBUG   ] | run                 |: Python version: 3.13.2 (main, Feb 26 2025, 14:05:36) [Clang 16.0.0 (clang-1600.0.26.6)]
2026-04-26 18:02:58,979 | MainThread   | [DEBUG   ] | run                 |: Parameters used:
2026-04-26 18:02:58,979 | MainThread   | [DEBUG   ] | run                 |: Symbol               : o
2026-04-26 18:02:58,979 | MainThread   | [DEBUG   ] | run                 |: Symbol size          : 5
2026-04-26 18:02:58,979 | MainThread   | [DEBUG   ] | run                 |: Line thickness       : 2
2026-04-26 18:02:58,979 | MainThread   | [DEBUG   ] | run                 |: Position tolerance   : 0.03
2026-04-26 18:02:58,979 | MainThread   | [DEBUG   ] | run                 |: ------------------

2026-04-26 18:03:10,457 | MainThread   | [DEBUG   ] | reset_all_plots     |: Resetting trajectory plots...
2026-04-26 18:03:21,681 | MainThread   | [DEBUG   ] | signal_handler      |: Received SIGTERM
2026-04-26 18:03:21,681 | MainThread   | [DEBUG   ] | run                 |: Exiting gracefully...
2026-04-26 18:03:25,909 | MainThread   | [DEBUG   ] | run                 |: Python version: 3.13.2 (main, Feb 26 2025, 14:05:36) [Clang 16.0.0 (clang-1600.0.26.6)]
2026-04-26 18:03:25,909 | MainThread   | [DEBUG   ] | run                 |: Parameters used:
2026-04-26 18:03:25,909 | MainThread   | [DEBUG   ] | run                 |: Symbol               : o
2026-04-26 18:03:25,909 | MainThread   | [DEBUG   ] | run                 |: Symbol size          : 5
2026-04-26 18:03:25,909 | MainThread   | [DEBUG   ] | run                 |: Line thickness       : 2
2026-04-26 18:03:25,909 | MainThread   | [DEBUG   ] | run                 |: Position tolerance   : 0.03
2026-04-26 18:03:25,909 | MainThread   | [DEBUG   ] | run                 |: ------------------

2026-04-26 18:03:33,325 | MainThread   | [DEBUG   ] | reset_all_plots     |: Resetting trajectory plots...
2026-04-26 18:03:38,660 | MainThread   | [DEBUG   ] | hide_plot           |: Hide Odometry
2026-04-26 18:03:39,672 | MainThread   | [DEBUG   ] | show_plot           |: Show Odometry
2026-04-26 18:03:40,539 | MainThread   | [DEBUG   ] | hide_plot           |: Hide Belief
2026-04-26 18:03:40,947 | MainThread   | [DEBUG   ] | show_plot           |: Show Belief
2026-04-26 18:03:41,839 | MainThread   | [DEBUG   ] | hide_plot           |: Hide Belief
2026-04-26 18:03:42,118 | MainThread   | [DEBUG   ] | show_plot           |: Show Belief
2026-04-26 18:25:09,124 | MainThread   | [DEBUG   ] | signal_handler      |: Received SIGTERM
2026-04-26 18:25:09,124 | MainThread   | [DEBUG   ] | run                 |: Exiting gracefully...
2026-04-26 18:25:13,298 | MainThread   | [DEBUG   ] | run                 |: Python version: 3.13.2 (main, Feb 26 2025, 14:05:36) [Clang 16.0.0 (clang-1600.0.26.6)]
2026-04-26 18:25:13,299 | MainThread   | [DEBUG   ] | run                 |: Parameters used:
2026-04-26 18:25:13,299 | MainThread   | [DEBUG   ] | run                 |: Symbol               : o
2026-04-26 18:25:13,299 | MainThread   | [DEBUG   ] | run                 |: Symbol size          : 5
2026-04-26 18:25:13,299 | MainThread   | [DEBUG   ] | run                 |: Line thickness       : 2
2026-04-26 18:25:13,299 | MainThread   | [DEBUG   ] | run                 |: Position tolerance   : 0.03
2026-04-26 18:25:13,299 | MainThread   | [DEBUG   ] | run                 |: ------------------

2026-04-26 18:25:29,449 | MainThread   | [DEBUG   ] | reset_all_plots     |: Resetting trajectory plots...
2026-04-26 18:25:51,937 | MainThread   | [DEBUG   ] | signal_handler      |: Received SIGTERM
2026-04-26 18:25:51,937 | MainThread   | [DEBUG   ] | run                 |: Exiting gracefully...
2026-04-26 18:25:55,819 | MainThread   | [DEBUG   ] | run                 |: Python version: 3.13.2 (main, Feb 26 2025, 14:05:36) [Clang 16.0.0 (clang-1600.0.26.6)]
2026-04-26 18:25:55,819 | MainThread   | [DEBUG   ] | run                 |: Parameters used:
2026-04-26 18:25:55,819 | MainThread   | [DEBUG   ] | run                 |: Symbol               : o
2026-04-26 18:25:55,819 | MainThread   | [DEBUG   ] | run                 |: Symbol size          : 5
2026-04-26 18:25:55,819 | MainThread   | [DEBUG   ] | run                 |: Line thickness       : 2
2026-04-26 18:25:55,819 | MainThread   | [DEBUG   ] | run                 |: Position tolerance   : 0.03
2026-04-26 18:25:55,819 | MainThread   | [DEBUG   ] | run                 |: ------------------

2026-04-26 18:26:09,070 | MainThread   | [DEBUG   ] | reset_all_plots     |: Resetting trajectory plots...
2026-04-26 18:26:15,408 | MainThread   | [DEBUG   ] | hide_plot           |: Hide Belief
2026-04-26 18:26:15,783 | MainThread   | [DEBUG   ] | show_plot           |: Show Belief
2026-04-26 18:27:47,094 | MainThread   | [DEBUG   ] | signal_handler      |: Received SIGTERM
2026-04-26 18:27:47,094 | MainThread   | [DEBUG   ] | run                 |: Exiting gracefully...
2026-04-26 18:27:51,174 | MainThread   | [DEBUG   ] | run                 |: Python version: 3.13.2 (main, Feb 26 2025, 14:05:36) [Clang 16.0.0 (clang-1600.0.26.6)]
2026-04-26 18:27:51,175 | MainThread   | [DEBUG   ] | run                 |: Parameters used:
2026-04-26 18:27:51,175 | MainThread   | [DEBUG   ] | run                 |: Symbol               : o
2026-04-26 18:27:51,175 | MainThread   | [DEBUG   ] | run                 |: Symbol size          : 5
2026-04-26 18:27:51,175 | MainThread   | [DEBUG   ] | run                 |: Line thickness       : 2
2026-04-26 18:27:51,175 | MainThread   | [DEBUG   ] | run                 |: Position tolerance   : 0.03
2026-04-26 18:27:51,175 | MainThread   | [DEBUG   ] | run                 |: ------------------

2026-04-26 18:28:09,383 | MainThread   | [DEBUG   ] | reset_all_plots     |: Resetting trajectory plots...
2026-04-26 18:29:35,483 | MainThread   | [DEBUG   ] | signal_handler      |: Received SIGTERM
2026-04-26 18:29:35,483 | MainThread   | [DEBUG   ] | run                 |: Exiting gracefully...
2026-04-26 18:29:39,341 | MainThread   | [DEBUG   ] | run                 |: Python version: 3.13.2 (main, Feb 26 2025, 14:05:36) [Clang 16.0.0 (clang-1600.0.26.6)]
2026-04-26 18:29:39,341 | MainThread   | [DEBUG   ] | run                 |: Parameters used:
2026-04-26 18:29:39,341 | MainThread   | [DEBUG   ] | run                 |: Symbol               : o
2026-04-26 18:29:39,341 | MainThread   | [DEBUG   ] | run                 |: Symbol size          : 5
2026-04-26 18:29:39,341 | MainThread   | [DEBUG   ] | run                 |: Line thickness       : 2
2026-04-26 18:29:39,341 | MainThread   | [DEBUG   ] | run                 |: Position tolerance   : 0.03
2026-04-26 18:29:39,341 | MainThread   | [DEBUG   ] | run                 |: ------------------

2026-04-26 18:29:44,571 | MainThread   | [DEBUG   ] | reset_all_plots     |: Resetting trajectory plots...
2026-04-26 18:30:47,941 | MainThread   | [DEBUG   ] | signal_handler      |: Received SIGTERM
2026-04-26 18:30:47,941 | MainThread   | [DEBUG   ] | run                 |: Exiting gracefully...
2026-04-26 18:31:08,395 | MainThread   | [DEBUG   ] | run                 |: Python version: 3.13.2 (main, Feb 26 2025, 14:05:36) [Clang 16.0.0 (clang-1600.0.26.6)]
2026-04-26 18:31:08,396 | MainThread   | [DEBUG   ] | run                 |: Parameters used:
2026-04-26 18:31:08,396 | MainThread   | [DEBUG   ] | run                 |: Symbol               : o
2026-04-26 18:31:08,396 | MainThread   | [DEBUG   ] | run                 |: Symbol size          : 5
2026-04-26 18:31:08,396 | MainThread   | [DEBUG   ] | run                 |: Line thickness       : 2
2026-04-26 18:31:08,396 | MainThread   | [DEBUG   ] | run                 |: Position tolerance   : 0.03
2026-04-26 18:31:08,396 | MainThread   | [DEBUG   ] | run                 |: ------------------

2026-04-26 18:31:13,505 | MainThread   | [DEBUG   ] | reset_all_plots     |: Resetting trajectory plots...
2026-04-27 16:56:58,854 | MainThread   | [DEBUG   ] | run                 |: Python version: 3.13.2 (main, Feb 26 2025, 14:05:36) [Clang 16.0.0 (clang-1600.0.26.6)]
2026-04-27 16:56:58,855 | MainThread   | [DEBUG   ] | run                 |: Parameters used:
2026-04-27 16:56:58,855 | MainThread   | [DEBUG   ] | run                 |: Symbol               : o
2026-04-27 16:56:58,855 | MainThread   | [DEBUG   ] | run                 |: Symbol size          : 5
2026-04-27 16:56:58,855 | MainThread   | [DEBUG   ] | run                 |: Line thickness       : 2
2026-04-27 16:56:58,855 | MainThread   | [DEBUG   ] | run                 |: Position tolerance   : 0.03
2026-04-27 16:56:58,855 | MainThread   | [DEBUG   ] | run                 |: ------------------

2026-04-27 16:59:59,284 | MainThread   | [DEBUG   ] | reset_all_plots     |: Resetting trajectory plots...
2026-04-27 17:02:49,952 | MainThread   | [DEBUG   ] | reset_all_plots     |: Resetting trajectory plots...
2026-04-27 17:04:52,022 | MainThread   | [DEBUG   ] | signal_handler      |: Received SIGTERM
2026-04-27 17:04:52,022 | MainThread   | [DEBUG   ] | run                 |: Exiting gracefully...
2026-04-27 17:05:27,128 | MainThread   | [DEBUG   ] | run                 |: Python version: 3.13.2 (main, Feb 26 2025, 14:05:36) [Clang 16.0.0 (clang-1600.0.26.6)]
2026-04-27 17:05:27,129 | MainThread   | [DEBUG   ] | run                 |: Parameters used:
2026-04-27 17:05:27,129 | MainThread   | [DEBUG   ] | run                 |: Symbol               : o
2026-04-27 17:05:27,129 | MainThread   | [DEBUG   ] | run                 |: Symbol size          : 5
2026-04-27 17:05:27,129 | MainThread   | [DEBUG   ] | run                 |: Line thickness       : 2
2026-04-27 17:05:27,129 | MainThread   | [DEBUG   ] | run                 |: Position tolerance   : 0.03
2026-04-27 17:05:27,129 | MainThread   | [DEBUG   ] | run                 |: ------------------

2026-04-27 17:06:25,003 | MainThread   | [DEBUG   ] | reset_all_plots     |: Resetting trajectory plots...
2026-04-27 17:07:44,192 | MainThread   | [DEBUG   ] | signal_handler      |: Received SIGTERM
2026-04-27 17:07:44,193 | MainThread   | [DEBUG   ] | run                 |: Exiting gracefully...
2026-04-27 17:08:05,501 | MainThread   | [DEBUG   ] | run                 |: Python version: 3.13.2 (main, Feb 26 2025, 14:05:36) [Clang 16.0.0 (clang-1600.0.26.6)]
2026-04-27 17:08:05,502 | MainThread   | [DEBUG   ] | run                 |: Parameters used:
2026-04-27 17:08:05,502 | MainThread   | [DEBUG   ] | run                 |: Symbol               : o
2026-04-27 17:08:05,502 | MainThread   | [DEBUG   ] | run                 |: Symbol size          : 5
2026-04-27 17:08:05,502 | MainThread   | [DEBUG   ] | run                 |: Line thickness       : 2
2026-04-27 17:08:05,502 | MainThread   | [DEBUG   ] | run                 |: Position tolerance   : 0.03
2026-04-27 17:08:05,502 | MainThread   | [DEBUG   ] | run                 |: ------------------

2026-04-27 17:08:36,284 | MainThread   | [DEBUG   ] | reset_all_plots     |: Resetting trajectory plots...
2026-04-27 17:11:24,918 | MainThread   | [DEBUG   ] | signal_handler      |: Received SIGTERM
2026-04-27 17:11:24,919 | MainThread   | [DEBUG   ] | run                 |: Exiting gracefully...
2026-04-27 17:11:31,146 | MainThread   | [DEBUG   ] | run                 |: Python version: 3.13.2 (main, Feb 26 2025, 14:05:36) [Clang 16.0.0 (clang-1600.0.26.6)]
2026-04-27 17:11:31,146 | MainThread   | [DEBUG   ] | run                 |: Parameters used:
2026-04-27 17:11:31,146 | MainThread   | [DEBUG   ] | run                 |: Symbol               : o
2026-04-27 17:11:31,146 | MainThread   | [DEBUG   ] | run                 |: Symbol size          : 5
2026-04-27 17:11:31,146 | MainThread   | [DEBUG   ] | run                 |: Line thickness       : 2
2026-04-27 17:11:31,146 | MainThread   | [DEBUG   ] | run                 |: Position tolerance   : 0.03
2026-04-27 17:11:31,146 | MainThread   | [DEBUG   ] | run                 |: ------------------

2026-04-27 17:11:53,304 | MainThread   | [DEBUG   ] | reset_all_plots     |: Resetting trajectory plots...
2026-04-27 17:14:29,779 | MainThread   | [DEBUG   ] | reset_all_plots     |: Resetting trajectory plots...
2026-04-27 17:17:49,478 | MainThread   | [DEBUG   ] | reset_all_plots     |: Resetting trajectory plots...
2026-04-27 17:17:56,656 | MainThread   | [DEBUG   ] | reset_all_plots     |: Resetting trajectory plots...
2026-04-27 17:20:05,093 | MainThread   | [DEBUG   ] | reset_all_plots     |: Resetting trajectory plots...
2026-04-27 17:20:11,424 | MainThread   | [DEBUG   ] | reset_all_plots     |: Resetting trajectory plots...
2026-04-27 17:22:13,300 | MainThread   | [DEBUG   ] | reset_all_plots     |: Resetting trajectory plots...
2026-04-27 17:27:12,973 | MainThread   | [DEBUG   ] | signal_handler      |: Received SIGTERM
2026-04-27 17:27:12,973 | MainThread   | [DEBUG   ] | run                 |: Exiting gracefully...
2026-04-27 17:27:23,569 | MainThread   | [DEBUG   ] | run                 |: Python version: 3.13.2 (main, Feb 26 2025, 14:05:36) [Clang 16.0.0 (clang-1600.0.26.6)]
2026-04-27 17:27:23,569 | MainThread   | [DEBUG   ] | run                 |: Parameters used:
2026-04-27 17:27:23,569 | MainThread   | [DEBUG   ] | run                 |: Symbol               : o
2026-04-27 17:27:23,569 | MainThread   | [DEBUG   ] | run                 |: Symbol size          : 5
2026-04-27 17:27:23,569 | MainThread   | [DEBUG   ] | run                 |: Line thickness       : 2
2026-04-27 17:27:23,569 | MainThread   | [DEBUG   ] | run                 |: Position tolerance   : 0.03
2026-04-27 17:27:23,569 | MainThread   | [DEBUG   ] | run                 |: ------------------

2026-04-27 17:28:37,706 | MainThread   | [DEBUG   ] | reset_all_plots     |: Resetting trajectory plots...
2026-04-27 17:34:22,329 | MainThread   | [DEBUG   ] | reset_all_plots     |: Resetting trajectory plots...
2026-04-27 17:36:04,816 | MainThread   | [DEBUG   ] | hide_plot           |: Hide Distribution
2026-04-27 17:36:05,241 | MainThread   | [DEBUG   ] | show_plot           |: Show Distribution
2026-04-27 17:36:08,028 | MainThread   | [DEBUG   ] | hide_plot           |: Hide Distribution
2026-04-27 17:38:17,090 | MainThread   | [DEBUG   ] | reset_all_plots     |: Resetting trajectory plots...
2026-04-27 17:38:34,133 | MainThread   | [DEBUG   ] | reset_all_plots     |: Resetting trajectory plots...
2026-04-27 17:41:36,577 | MainThread   | [DEBUG   ] | reset_all_plots     |: Resetting trajectory plots...
2026-04-27 17:44:36,643 | MainThread   | [DEBUG   ] | reset_all_plots     |: Resetting trajectory plots...
